Component: ARM Compiler 5.06 update 7 (build 960) Tool: armlink [4d3601]

==============================================================================

Section Cross References

    startup_stm32f10x_md.o(STACK) refers (Special) to heapauxi.o(.text) for __use_two_region_memory
    startup_stm32f10x_md.o(HEAP) refers (Special) to heapauxi.o(.text) for __use_two_region_memory
    startup_stm32f10x_md.o(RESET) refers (Special) to heapauxi.o(.text) for __use_two_region_memory
    startup_stm32f10x_md.o(RESET) refers to startup_stm32f10x_md.o(STACK) for __initial_sp
    startup_stm32f10x_md.o(RESET) refers to startup_stm32f10x_md.o(.text) for Reset_Handler
    startup_stm32f10x_md.o(RESET) refers to stm32f10x_it.o(i.NMI_Handler) for NMI_Handler
    startup_stm32f10x_md.o(RESET) refers to stm32f10x_it.o(i.HardFault_Handler) for HardFault_Handler
    startup_stm32f10x_md.o(RESET) refers to stm32f10x_it.o(i.MemManage_Handler) for MemManage_Handler
    startup_stm32f10x_md.o(RESET) refers to stm32f10x_it.o(i.BusFault_Handler) for BusFault_Handler
    startup_stm32f10x_md.o(RESET) refers to stm32f10x_it.o(i.UsageFault_Handler) for UsageFault_Handler
    startup_stm32f10x_md.o(RESET) refers to stm32f10x_it.o(i.SVC_Handler) for SVC_Handler
    startup_stm32f10x_md.o(RESET) refers to stm32f10x_it.o(i.DebugMon_Handler) for DebugMon_Handler
    startup_stm32f10x_md.o(RESET) refers to stm32f10x_it.o(i.PendSV_Handler) for PendSV_Handler
    startup_stm32f10x_md.o(RESET) refers to stm32f10x_it.o(i.SysTick_Handler) for SysTick_Handler
    startup_stm32f10x_md.o(RESET) refers to main.o(i.TIM2_IRQHandler) for TIM2_IRQHandler
    startup_stm32f10x_md.o(RESET) refers to serial.o(i.USART3_IRQHandler) for USART3_IRQHandler
    startup_stm32f10x_md.o(.text) refers (Special) to heapauxi.o(.text) for __use_two_region_memory
    startup_stm32f10x_md.o(.text) refers to system_stm32f10x.o(i.SystemInit) for SystemInit
    startup_stm32f10x_md.o(.text) refers to __main.o(!!!main) for __main
    startup_stm32f10x_md.o(.text) refers to startup_stm32f10x_md.o(HEAP) for Heap_Mem
    startup_stm32f10x_md.o(.text) refers to startup_stm32f10x_md.o(STACK) for Stack_Mem
    system_stm32f10x.o(i.SetSysClock) refers to system_stm32f10x.o(i.SetSysClockTo72) for SetSysClockTo72
    system_stm32f10x.o(i.SystemCoreClockUpdate) refers to system_stm32f10x.o(.data) for SystemCoreClock
    system_stm32f10x.o(i.SystemInit) refers to system_stm32f10x.o(i.SetSysClock) for SetSysClock
    stm32f10x_adc.o(i.ADC_DeInit) refers to stm32f10x_rcc.o(i.RCC_APB2PeriphResetCmd) for RCC_APB2PeriphResetCmd
    stm32f10x_bkp.o(i.BKP_DeInit) refers to stm32f10x_rcc.o(i.RCC_BackupResetCmd) for RCC_BackupResetCmd
    stm32f10x_can.o(i.CAN_DeInit) refers to stm32f10x_rcc.o(i.RCC_APB1PeriphResetCmd) for RCC_APB1PeriphResetCmd
    stm32f10x_can.o(i.CAN_GetITStatus) refers to stm32f10x_can.o(i.CheckITStatus) for CheckITStatus
    stm32f10x_cec.o(i.CEC_DeInit) refers to stm32f10x_rcc.o(i.RCC_APB1PeriphResetCmd) for RCC_APB1PeriphResetCmd
    stm32f10x_dac.o(i.DAC_DeInit) refers to stm32f10x_rcc.o(i.RCC_APB1PeriphResetCmd) for RCC_APB1PeriphResetCmd
    stm32f10x_flash.o(i.FLASH_EnableWriteProtection) refers to stm32f10x_flash.o(i.FLASH_WaitForLastOperation) for FLASH_WaitForLastOperation
    stm32f10x_flash.o(i.FLASH_EraseAllBank1Pages) refers to stm32f10x_flash.o(i.FLASH_WaitForLastBank1Operation) for FLASH_WaitForLastBank1Operation
    stm32f10x_flash.o(i.FLASH_EraseAllPages) refers to stm32f10x_flash.o(i.FLASH_WaitForLastOperation) for FLASH_WaitForLastOperation
    stm32f10x_flash.o(i.FLASH_EraseOptionBytes) refers to stm32f10x_flash.o(i.FLASH_GetReadOutProtectionStatus) for FLASH_GetReadOutProtectionStatus
    stm32f10x_flash.o(i.FLASH_EraseOptionBytes) refers to stm32f10x_flash.o(i.FLASH_WaitForLastOperation) for FLASH_WaitForLastOperation
    stm32f10x_flash.o(i.FLASH_ErasePage) refers to stm32f10x_flash.o(i.FLASH_WaitForLastOperation) for FLASH_WaitForLastOperation
    stm32f10x_flash.o(i.FLASH_ProgramHalfWord) refers to stm32f10x_flash.o(i.FLASH_WaitForLastOperation) for FLASH_WaitForLastOperation
    stm32f10x_flash.o(i.FLASH_ProgramOptionByteData) refers to stm32f10x_flash.o(i.FLASH_WaitForLastOperation) for FLASH_WaitForLastOperation
    stm32f10x_flash.o(i.FLASH_ProgramWord) refers to stm32f10x_flash.o(i.FLASH_WaitForLastOperation) for FLASH_WaitForLastOperation
    stm32f10x_flash.o(i.FLASH_ReadOutProtection) refers to stm32f10x_flash.o(i.FLASH_WaitForLastOperation) for FLASH_WaitForLastOperation
    stm32f10x_flash.o(i.FLASH_UserOptionByteConfig) refers to stm32f10x_flash.o(i.FLASH_WaitForLastOperation) for FLASH_WaitForLastOperation
    stm32f10x_flash.o(i.FLASH_WaitForLastBank1Operation) refers to stm32f10x_flash.o(i.FLASH_GetBank1Status) for FLASH_GetBank1Status
    stm32f10x_flash.o(i.FLASH_WaitForLastOperation) refers to stm32f10x_flash.o(i.FLASH_GetBank1Status) for FLASH_GetBank1Status
[...]
    __rt_lib_shutdown_fp_trap_1              0x08000253   Thumb Code     0  libshutdown2.o(.ARM.Collect$$libshutdown$$00000009)
    __rt_lib_shutdown_heap_1                 0x08000253   Thumb Code     0  libshutdown2.o(.ARM.Collect$$libshutdown$$00000011)
    __rt_lib_shutdown_return                 0x08000253   Thumb Code     0  libshutdown2.o(.ARM.Collect$$libshutdown$$00000012)
    __rt_lib_shutdown_signal_1               0x08000253   Thumb Code     0  libshutdown2.o(.ARM.Collect$$libshutdown$$0000000C)
    __rt_lib_shutdown_stdio_1                0x08000253   Thumb Code     0  libshutdown2.o(.ARM.Collect$$libshutdown$$00000006)
    __rt_lib_shutdown_user_alloc_1           0x08000253   Thumb Code     0  libshutdown2.o(.ARM.Collect$$libshutdown$$0000000E)
    __rt_entry                               0x08000255   Thumb Code     0  __rtentry.o(.ARM.Collect$$rtentry$$00000000)
    __rt_entry_presh_1                       0x08000255   Thumb Code     0  __rtentry2.o(.ARM.Collect$$rtentry$$00000002)
    __rt_entry_sh                            0x08000255   Thumb Code     0  __rtentry4.o(.ARM.Collect$$rtentry$$00000004)
    __rt_entry_li                            0x0800025b   Thumb Code     0  __rtentry2.o(.ARM.Collect$$rtentry$$0000000A)
    __rt_entry_postsh_1                      0x0800025b   Thumb Code     0  __rtentry2.o(.ARM.Collect$$rtentry$$00000009)
    __rt_entry_main                          0x0800025f   Thumb Code     0  __rtentry2.o(.ARM.Collect$$rtentry$$0000000D)
    __rt_entry_postli_1                      0x0800025f   Thumb Code     0  __rtentry2.o(.ARM.Collect$$rtentry$$0000000C)
    __rt_exit                                0x08000267   Thumb Code     0  rtexit.o(.ARM.Collect$$rtexit$$00000000)
    __rt_exit_ls                             0x08000269   Thumb Code     0  rtexit2.o(.ARM.Collect$$rtexit$$00000003)
    __rt_exit_prels_1                        0x08000269   Thumb Code     0  rtexit2.o(.ARM.Collect$$rtexit$$00000002)
    __rt_exit_exit                           0x0800026d   Thumb Code     0  rtexit2.o(.ARM.Collect$$rtexit$$00000004)
    Reset_Handler                            0x08000275   Thumb Code     8  startup_stm32f10x_md.o(.text)
    ADC1_2_IRQHandler                        0x0800028f   Thumb Code     0  startup_stm32f10x_md.o(.text)
    CAN1_RX1_IRQHandler                      0x0800028f   Thumb Code     0  startup_stm32f10x_md.o(.text)
    CAN1_SCE_IRQHandler                      0x0800028f   Thumb Code     0  startup_stm32f10x_md.o(.text)
    DMA1_Channel1_IRQHandler                 0x0800028f   Thumb Code     0  startup_stm32f10x_md.o(.text)
    DMA1_Channel2_IRQHandler                 0x0800028f   Thumb Code     0  startup_stm32f10x_md.o(.text)
    DMA1_Channel3_IRQHandler                 0x0800028f   Thumb Code     0  startup_stm32f10x_md.o(.text)
    DMA1_Channel4_IRQHandler                 0x0800028f   Thumb Code     0  startup_stm32f10x_md.o(.text)
    DMA1_Channel5_IRQHandler                 0x0800028f   Thumb Code     0  startup_stm32f10x_md.o(.text)
    DMA1_Channel6_IRQHandler                 0x0800028f   Thumb Code     0  startup_stm32f10x_md.o(.text)
    DMA1_Channel7_IRQHandler                 0x0800028f   Thumb Code     0  startup_stm32f10x_md.o(.text)
    EXTI0_IRQHandler                         0x0800028f   Thumb Code     0  startup_stm32f10x_md.o(.text)
    EXTI15_10_IRQHandler                     0x0800028f   Thumb Code     0  startup_stm32f10x_md.o(.text)
    EXTI1_IRQHandler                         0x0800028f   Thumb Code     0  startup_stm32f10x_md.o(.text)
    EXTI2_IRQHandler                         0x0800028f   Thumb Code     0  startup_stm32f10x_md.o(.text)
    EXTI3_IRQHandler                         0x0800028f   Thumb Code     0  startup_stm32f10x_md.o(.text)
    EXTI4_IRQHandler                         0x0800028f   Thumb Code     0  startup_stm32f10x_md.o(.text)
    EXTI9_5_IRQHandler                       0x0800028f   Thumb Code     0  startup_stm32f10x_md.o(.text)
    FLASH_IRQHandler                         0x0800028f   Thumb Code     0  startup_stm32f10x_md.o(.text)
    I2C1_ER_IRQHandler                       0x0800028f   Thumb Code     0  startup_stm32f10x_md.o(.text)
    I2C1_EV_IRQHandler                       0x0800028f   Thumb Code     0  startup_stm32f10x_md.o(.text)
    I2C2_ER_IRQHandler                       0x0800028f   Thumb Code     0  startup_stm32f10x_md.o(.text)
    I2C2_EV_IRQHandler                       0x0800028f   Thumb Code     0  startup_stm32f10x_md.o(.text)
    PVD_IRQHandler                           0x0800028f   Thumb Code     0  startup_stm32f10x_md.o(.text)
    RCC_IRQHandler                           0x0800028f   Thumb Code     0  startup_stm32f10x_md.o(.text)
    RTCAlarm_IRQHandler                      0x0800028f   Thumb Code     0  startup_stm32f10x_md.o(.text)
    RTC_IRQHandler                           0x0800028f   Thumb Code     0  startup_stm32f10x_md.o(.text)
    SPI1_IRQHandler                          0x0800028f   Thumb Code     0  startup_stm32f10x_md.o(.text)
    SPI2_IRQHandler                          0x0800028f   Thumb Code     0  startup_stm32f10x_md.o(.text)
    TAMPER_IRQHandler                        0x0800028f   Thumb Code     0  startup_stm32f10x_md.o(.text)
    TIM1_BRK_IRQHandler                      0x0800028f   Thumb Code     0  startup_stm32f10x_md.o(.text)
    TIM1_CC_IRQHandler                       0x0800028f   Thumb Code     0  startup_stm32f10x_md.o(.text)
    TIM1_TRG_COM_IRQHandler                  0x0800028f   Thumb Code     0  startup_stm32f10x_md.o(.text)
    TIM1_UP_IRQHandler                       0x0800028f   Thumb Code     0  startup_stm32f10x_md.o(.text)
    TIM3_IRQHandler                          0x0800028f   Thumb Code     0  startup_stm32f10x_md.o(.text)
    TIM4_IRQHandler                          0x0800028f   Thumb Code     0  startup_stm32f10x_md.o(.text)
    USART1_IRQHandler                        0x0800028f   Thumb Code     0  startup_stm32f10x_md.o(.text)
    USART2_IRQHandler                        0x0800028f   Thumb Code     0  startup_stm32f10x_md.o(.text)
    USBWakeUp_IRQHandler                     0x0800028f   Thumb Code     0  startup_stm32f10x_md.o(.text)
    USB_HP_CAN1_TX_IRQHandler                0x0800028f   Thumb Code     0  startup_stm32f10x_md.o(.text)
    USB_LP_CAN1_RX0_IRQHandler               0x0800028f   Thumb Code     0  startup_stm32f10x_md.o(.text)
    WWDG_IRQHandler                          0x0800028f   Thumb Code     0  startup_stm32f10x_md.o(.text)
    __user_initial_stackheap                 0x08000291   Thumb Code     0  startup_stm32f10x_md.o(.text)
    vsprintf                                 0x080002b5   Thumb Code    32  vsprintf.o(.text)
    __0sscanf                                0x080002d9   Thumb Code    52  __0sscanf.o(.text)
    _scanf_int                               0x08000315   Thumb Code   332  _scanf_int.o(.text)
    strlen                                   0x08000461   Thumb Code    62  strlen.o(.text)
    strncmp                                  0x0800049f   Thumb Code   150  strncmp.o(.text)
    strcmp                                   0x08000535   Thumb Code   128  strcmpv7m.o(.text)
    __use_two_region_memory                  0x080005b5   Thumb Code     2  heapauxi.o(.text)
    __rt_heap_escrow$2region                 0x080005b7   Thumb Code     2  heapauxi.o(.text)
    __rt_heap_expand$2region                 0x080005b9   Thumb Code     2  heapauxi.o(.text)
    __read_errno                             0x080005bb   Thumb Code    10  _rserrno.o(.text)
    __set_errno                              0x080005c5   Thumb Code    12  _rserrno.o(.text)
    _printf_pre_padding                      0x080005d1   Thumb Code    44  _printf_pad.o(.text)
    _printf_post_padding                     0x080005fd   Thumb Code    34  _printf_pad.o(.text)
    _printf_truncate_signed                  0x0800061f   Thumb Code    18  _printf_truncate.o(.text)
    _printf_truncate_unsigned                0x08000631   Thumb Code    18  _printf_truncate.o(.text)
    _printf_str                              0x08000643   Thumb Code    82  _printf_str.o(.text)
    _printf_int_dec                          0x08000695   Thumb Code   104  _printf_dec.o(.text)
    _printf_charcount                        0x0800070d   Thumb Code    40  _printf_charcount.o(.text)
    _printf_char_common                      0x0800073f   Thumb Code    32  _printf_char_common.o(.text)
    _sputc                                   0x08000765   Thumb Code    10  _sputc.o(.text)
    _printf_wctomb                           0x08000771   Thumb Code   182  _printf_wctomb.o(.text)
    _printf_longlong_dec                     0x0800082d   Thumb Code   108  _printf_longlong_dec.o(.text)
    _printf_longlong_oct                     0x080008a9   Thumb Code    66  _printf_oct_int_ll.o(.text)
    _printf_int_oct                          0x080008eb   Thumb Code    24  _printf_oct_int_ll.o(.text)
    _printf_ll_oct                           0x08000903   Thumb Code    12  _printf_oct_int_ll.o(.text)
    _printf_longlong_hex                     0x08000919   Thumb Code    86  _printf_hex_int_ll_ptr.o(.text)
    _printf_int_hex                          0x0800096f   Thumb Code    28  _printf_hex_int_ll_ptr.o(.text)
    _printf_ll_hex                           0x0800098b   Thumb Code    12  _printf_hex_int_ll_ptr.o(.text)
    _printf_hex_ptr                          0x08000997   Thumb Code    18  _printf_hex_int_ll_ptr.o(.text)
    __printf                                 0x080009ad   Thumb Code   388  __printf_flags_ss_wp.o(.text)
    _chval                                   0x08000b35   Thumb Code    28  _chval.o(.text)
    _scanf_really_real                       0x08000d9d   Thumb Code   684  scanf_fp.o(.text)
    __vfscanf_char                           0x08001055   Thumb Code    24  scanf_char.o(.text)
    _sgetc                                   0x08001075   Thumb Code    30  _sgetc.o(.text)
    _sbackspace                              0x08001093   Thumb Code    34  _sgetc.o(.text)
    __rt_locale                              0x080010b5   Thumb Code     8  rt_locale_intlibspace.o(.text)
    __aeabi_errno_addr                       0x080010bd   Thumb Code     8  rt_errno_addr_intlibspace.o(.text)
    __errno$intlibspace                      0x080010bd   Thumb Code     0  rt_errno_addr_intlibspace.o(.text)
    __rt_errno_addr$intlibspace              0x080010bd   Thumb Code     0  rt_errno_addr_intlibspace.o(.text)
    _ll_udiv10                               0x080010c5   Thumb Code   138  lludiv10.o(.text)
    isspace                                  0x0800114f   Thumb Code    18  isspace.o(.text)
    _printf_int_common                       0x08001161   Thumb Code   178  _printf_intcommon.o(.text)
    __lib_sel_fp_printf                      0x08001213   Thumb Code     2  _printf_fp_dec.o(.text)
    _printf_fp_dec_real                      0x080013c5   Thumb Code   620  _printf_fp_dec.o(.text)
    _printf_fp_hex_real                      0x08001631   Thumb Code   756  _printf_fp_hex.o(.text)
    _printf_cs_common                        0x0800192d   Thumb Code    20  _printf_char.o(.text)
    _printf_char                             0x08001941   Thumb Code    16  _printf_char.o(.text)
    _printf_string                           0x08001951   Thumb Code     8  _printf_char.o(.text)
    _printf_lcs_common                       0x08001959   Thumb Code    20  _printf_wchar.o(.text)
    _printf_wchar                            0x0800196d   Thumb Code    16  _printf_wchar.o(.text)
    _printf_wstring                          0x0800197d   Thumb Code     8  _printf_wchar.o(.text)
    __vfscanf                                0x08001985   Thumb Code   880  _scanf.o(.text)
    _btod_etento                             0x08001cf9   Thumb Code   224  bigflt0.o(.text)
    _wcrtomb                                 0x08001ddd   Thumb Code    64  _wcrtomb.o(.text)
    __user_libspace                          0x08001e1d   Thumb Code     8  libspace.o(.text)
    __user_perproc_libspace                  0x08001e1d   Thumb Code     0  libspace.o(.text)
    __user_perthread_libspace                0x08001e1d   Thumb Code     0  libspace.o(.text)
    __user_setup_stackheap                   0x08001e25   Thumb Code    74  sys_stackheap_outer.o(.text)
    __rt_ctype_table                         0x08001e71   Thumb Code    16  rt_ctype_table.o(.text)
    _printf_fp_infnan                        0x08001e81   Thumb Code   112  _printf_fp_infnan.o(.text)
    _scanf_really_hex_real                   0x08001f01   Thumb Code   786  scanf_hexfp.o(.text)
    _scanf_really_infnan                     0x08002221   Thumb Code   292  scanf_infnan.o(.text)
    exit                                     0x08002355   Thumb Code    18  exit.o(.text)
    __aeabi_llsl                             0x08002367   Thumb Code     0  llshl.o(.text)
    _ll_shift_l                              0x08002367   Thumb Code    38  llshl.o(.text)
    _sys_exit                                0x0800238d   Thumb Code     8  sys_exit.o(.text)
    __I$use$semihosting                      0x08002399   Thumb Code     0  use_no_semi.o(.text)
    __use_no_semihosting_swi                 0x08002399   Thumb Code     2  use_no_semi.o(.text)
    __semihosting_library_function           0x0800239b   Thumb Code     0  indicate_semi.o(.text)
    _btod_d2e                                0x0800239b   Thumb Code    62  btod.o(CL$$btod_d2e)
    _d2e_denorm_low                          0x080023d9   Thumb Code    70  btod.o(CL$$btod_d2e_denorm_low)
    _d2e_norm_op1                            0x0800241f   Thumb Code    96  btod.o(CL$$btod_d2e_norm_op1)
    __btod_div_common                        0x0800247f   Thumb Code   696  btod.o(CL$$btod_div_common)
    _e2d                                     0x080027b9   Thumb Code   122  btod.o(CL$$btod_e2d)
    _e2e                                     0x0800283d   Thumb Code   220  btod.o(CL$$btod_e2e)
    _btod_ediv                               0x08002919   Thumb Code    42  btod.o(CL$$btod_ediv)
    _btod_edivd                              0x08002943   Thumb Code    42  btod.o(CL$$btod_edivd)
    _btod_emul                               0x0800296d   Thumb Code    42  btod.o(CL$$btod_emul)
    _btod_emuld                              0x08002997   Thumb Code    42  btod.o(CL$$btod_emuld)
    __btod_mult_common                       0x080029c1   Thumb Code   580  btod.o(CL$$btod_mult_common)
    Bluetooth_Handle                         0x08002c05   Thumb Code   462  main.o(i.Bluetooth_Handle)
    Boot_animation                           0x08002f09   Thumb Code    96  menu.o(i.Boot_animation)
    BusFault_Handler                         0x08002f81   Thumb Code     4  stm32f10x_it.o(i.BusFault_Handler)
    Control                                  0x08002f85   Thumb Code   222  pid.o(i.Control)
    DebugMon_Handler                         0x080030a1   Thumb Code     2  stm32f10x_it.o(i.DebugMon_Handler)
    Delay_ms                                 0x080030a3   Thumb Code    24  delay.o(i.Delay_ms)
    Delay_us                                 0x080030bb   Thumb Code    46  delay.o(i.Delay_us)
    Different_Speed                          0x080030e9   Thumb Code   244  pid.o(i.Different_Speed)
    Element_Noline                           0x080031f9   Thumb Code   124  element.o(i.Element_Noline)
    Element_Process                          0x08003291   Thumb Code    26  element.o(i.Element_Process)
    Encoder_Get_L                            0x080032b5   Thumb Code    26  encoder.o(i.Encoder_Get_L)
    Encoder_Get_R                            0x080032d9   Thumb Code    28  encoder.o(i.Encoder_Get_R)
    Encoder_Init                             0x080032fd   Thumb Code   290  encoder.o(i.Encoder_Init)
    Encoder_Read                             0x08003431   Thumb Code   248  encoder.o(i.Encoder_Read)
    Error_Calcaulate                         0x08003549   Thumb Code   130  error.o(i.Error_Calcaulate)
    GPIO_Init                                0x080035d5   Thumb Code   278  stm32f10x_gpio.o(i.GPIO_Init)
    GPIO_PinRemapConfig                      0x080036ed   Thumb Code   138  stm32f10x_gpio.o(i.GPIO_PinRemapConfig)
    GPIO_ReadInputDataBit                    0x0800377d   Thumb Code    18  stm32f10x_gpio.o(i.GPIO_ReadInputDataBit)
    GPIO_ResetBits                           0x0800378f   Thumb Code     4  stm32f10x_gpio.o(i.GPIO_ResetBits)
    GPIO_SetBits                             0x08003793   Thumb Code     4  stm32f10x_gpio.o(i.GPIO_SetBits)
    GPIO_WriteBit                            0x08003797   Thumb Code    10  stm32f10x_gpio.o(i.GPIO_WriteBit)
    HardFault_Handler                        0x080037a1   Thumb Code     4  stm32f10x_it.o(i.HardFault_Handler)
    Homepage_1                               0x080037a5   Thumb Code    86  menu.o(i.Homepage_1)
    Homepage_2                               0x0800383d   Thumb Code    80  menu.o(i.Homepage_2)
    Homepage_3                               0x080038d5   Thumb Code    82  menu.o(i.Homepage_3)
    Homepage_4                               0x0800396d   Thumb Code    50  menu.o(i.Homepage_4)
    Homepage_5                               0x080039c1   Thumb Code    86  menu.o(i.Homepage_5)
    Key_GetNum                               0x08003a59   Thumb Code    24  key.o(i.Key_GetNum)
    Key_GetState                             0x08003a75   Thumb Code    34  key.o(i.Key_GetState)
    Key_Init                                 0x08003a9d   Thumb Code    36  key.o(i.Key_Init)
    Key_Tick                                 0x08003ac5   Thumb Code    62  key.o(i.Key_Tick)
    MPU6050_GetData                          0x08003b15   Thumb Code   282  mpu6050.o(i.MPU6050_GetData)
    MPU6050_Init                             0x08003c65   Thumb Code   104  mpu6050.o(i.MPU6050_Init)
    MPU6050_WriteReg                         0x08003ce9   Thumb Code    46  mpu6050.o(i.MPU6050_WriteReg)
    MemManage_Handler                        0x08003d17   Thumb Code     4  stm32f10x_it.o(i.MemManage_Handler)
    Motor_Init                               0x08003d1d   Thumb Code    44  motor.o(i.Motor_Init)
    Motor_SetPWM_L                           0x08003d4d   Thumb Code    66  motor.o(i.Motor_SetPWM_L)
    Motor_SetPWM_R                           0x08003d95   Thumb Code    66  motor.o(i.Motor_SetPWM_R)
    MyI2C_Init                               0x08003ddd   Thumb Code    62  myi2c.o(i.MyI2C_Init)
    MyI2C_R_SDA                              0x08003e25   Thumb Code    22  myi2c.o(i.MyI2C_R_SDA)
    MyI2C_ReceiveAck                         0x08003e41   Thumb Code    48  myi2c.o(i.MyI2C_ReceiveAck)
    MyI2C_ReceiveByte                        0x08003e71   Thumb Code    68  myi2c.o(i.MyI2C_ReceiveByte)
    MyI2C_SendAck                            0x08003eb5   Thumb Code    54  myi2c.o(i.MyI2C_SendAck)
    MyI2C_SendByte                           0x08003eeb   Thumb Code    80  myi2c.o(i.MyI2C_SendByte)
    MyI2C_Start                              0x08003f3b   Thumb Code    52  myi2c.o(i.MyI2C_Start)
    MyI2C_Stop                               0x08003f6f   Thumb Code    40  myi2c.o(i.MyI2C_Stop)
    MyI2C_W_SCL                              0x08003f99   Thumb Code    22  myi2c.o(i.MyI2C_W_SCL)
    MyI2C_W_SDA                              0x08003fb5   Thumb Code    22  myi2c.o(i.MyI2C_W_SDA)
    NMI_Handler                              0x08003fd1   Thumb Code     2  stm32f10x_it.o(i.NMI_Handler)
    NVIC_Init                                0x08003fd5   Thumb Code   100  misc.o(i.NVIC_Init)
    NVIC_PriorityGroupConfig                 0x08004045   Thumb Code    10  misc.o(i.NVIC_PriorityGroupConfig)
    OLED_Clear                               0x08004059   Thumb Code    36  oled.o(i.OLED_Clear)
    OLED_ClearArea                           0x08004081   Thumb Code   140  oled.o(i.OLED_ClearArea)
    OLED_DrawPoint                           0x08004111   Thumb Code    76  oled.o(i.OLED_DrawPoint)
    OLED_GPIO_Init                           0x08004161   Thumb Code    92  oled.o(i.OLED_GPIO_Init)
    OLED_I2C_SendByte                        0x080041c1   Thumb Code    62  oled.o(i.OLED_I2C_SendByte)
    OLED_I2C_Start                           0x080041ff   Thumb Code    28  oled.o(i.OLED_I2C_Start)
    OLED_I2C_Stop                            0x0800421b   Thumb Code    22  oled.o(i.OLED_I2C_Stop)
    OLED_Init                                0x08004231   Thumb Code   154  oled.o(i.OLED_Init)
    OLED_Printf                              0x080042cb   Thumb Code    50  oled.o(i.OLED_Printf)
    OLED_SetCursor                           0x080042fd   Thumb Code    34  oled.o(i.OLED_SetCursor)
    OLED_ShowChar                            0x08004321   Thumb Code    74  oled.o(i.OLED_ShowChar)
    OLED_ShowChinese                         0x08004375   Thumb Code   204  oled.o(i.OLED_ShowChinese)
    OLED_ShowImage                           0x08004445   Thumb Code   248  oled.o(i.OLED_ShowImage)
    OLED_ShowString                          0x08004541   Thumb Code   442  oled.o(i.OLED_ShowString)
    OLED_Update                              0x08004705   Thumb Code    36  oled.o(i.OLED_Update)
    OLED_W_SCL                               0x0800472d   Thumb Code    18  oled.o(i.OLED_W_SCL)
    OLED_W_SDA                               0x08004745   Thumb Code    18  oled.o(i.OLED_W_SDA)
    OLED_WriteCommand                        0x0800475d   Thumb Code    32  oled.o(i.OLED_WriteCommand)
    OLED_WriteData                           0x0800477d   Thumb Code    46  oled.o(i.OLED_WriteData)
    PID_Control_L                            0x080047ad   Thumb Code    60  pid.o(i.PID_Control_L)
    PID_Control_R                            0x080047f1   Thumb Code    60  pid.o(i.PID_Control_R)
    PWM_Init                                 0x08004835   Thumb Code   180  pwm.o(i.PWM_Init)
    PWM_SetCompare1                          0x080048f1   Thumb Code    14  pwm.o(i.PWM_SetCompare1)
    PWM_SetCompare4                          0x08004905   Thumb Code    14  pwm.o(i.PWM_SetCompare4)
    Patrol_Process                           0x08004919   Thumb Code  2662  element.o(i.Patrol_Process)
    PendSV_Handler                           0x080053bd   Thumb Code     2  stm32f10x_it.o(i.PendSV_Handler)
    Place_Control                            0x080053c1   Thumb Code    76  pid.o(i.Place_Control)
    RCC_APB1PeriphClockCmd                   0x08005411   Thumb Code    26  stm32f10x_rcc.o(i.RCC_APB1PeriphClockCmd)
    RCC_APB2PeriphClockCmd                   0x08005431   Thumb Code    26  stm32f10x_rcc.o(i.RCC_APB2PeriphClockCmd)
    RCC_GetClocksFreq                        0x08005451   Thumb Code   192  stm32f10x_rcc.o(i.RCC_GetClocksFreq)
    Right_err                                0x08005525   Thumb Code    90  error.o(i.Right_err)
    SENSOR_GPIO_Config                       0x08005585   Thumb Code    54  sensor.o(i.SENSOR_GPIO_Config)
    SVC_Handler                              0x080055c5   Thumb Code     2  stm32f10x_it.o(i.SVC_Handler)
    Serial_Init                              0x080055c9   Thumb Code   166  serial.o(i.Serial_Init)
    Serial_Printf                            0x08005679   Thumb Code    36  serial.o(i.Serial_Printf)
    Serial_SendByte                          0x0800569d   Thumb Code    28  serial.o(i.Serial_SendByte)
    Serial_SendString                        0x080056bd   Thumb Code    26  serial.o(i.Serial_SendString)
    SysTick_Handler                          0x080057c1   Thumb Code     2  stm32f10x_it.o(i.SysTick_Handler)
    SystemInit                               0x080057c5   Thumb Code    78  system_stm32f10x.o(i.SystemInit)
    TIM2_IRQHandler                          0x08005a65   Thumb Code    38  main.o(i.TIM2_IRQHandler)
    TIM_ARRPreloadConfig                     0x08005a91   Thumb Code    24  stm32f10x_tim.o(i.TIM_ARRPreloadConfig)
    TIM_ClearFlag                            0x08005aa9   Thumb Code     6  stm32f10x_tim.o(i.TIM_ClearFlag)
    TIM_ClearITPendingBit                    0x08005aaf   Thumb Code     6  stm32f10x_tim.o(i.TIM_ClearITPendingBit)
    TIM_Cmd                                  0x08005ab5   Thumb Code    24  stm32f10x_tim.o(i.TIM_Cmd)
    TIM_CtrlPWMOutputs                       0x08005acd   Thumb Code    30  stm32f10x_tim.o(i.TIM_CtrlPWMOutputs)
    TIM_EncoderInterfaceConfig               0x08005aeb   Thumb Code    66  stm32f10x_tim.o(i.TIM_EncoderInterfaceConfig)
    TIM_GetCounter                           0x08005b2d   Thumb Code     6  stm32f10x_tim.o(i.TIM_GetCounter)
    TIM_GetITStatus                          0x08005b33   Thumb Code    34  stm32f10x_tim.o(i.TIM_GetITStatus)
    TIM_ICInit                               0x08005b55   Thumb Code   150  stm32f10x_tim.o(i.TIM_ICInit)
    TIM_ICStructInit                         0x08005c01   Thumb Code    18  stm32f10x_tim.o(i.TIM_ICStructInit)
    TIM_ITConfig                             0x08005c13   Thumb Code    18  stm32f10x_tim.o(i.TIM_ITConfig)
    TIM_InternalClockConfig                  0x08005c25   Thumb Code    12  stm32f10x_tim.o(i.TIM_InternalClockConfig)
    TIM_OC1Init                              0x08005c31   Thumb Code   132  stm32f10x_tim.o(i.TIM_OC1Init)
    TIM_OC1PreloadConfig                     0x08005cc9   Thumb Code    18  stm32f10x_tim.o(i.TIM_OC1PreloadConfig)
    TIM_OC4Init                              0x08005cdd   Thumb Code   114  stm32f10x_tim.o(i.TIM_OC4Init)
    TIM_OCStructInit                         0x08005d59   Thumb Code    20  stm32f10x_tim.o(i.TIM_OCStructInit)
    TIM_SetCompare1                          0x08005d6d   Thumb Code     4  stm32f10x_tim.o(i.TIM_SetCompare1)
    TIM_SetCompare4                          0x08005d71   Thumb Code     6  stm32f10x_tim.o(i.TIM_SetCompare4)
    TIM_SetCounter                           0x08005d77   Thumb Code     4  stm32f10x_tim.o(i.TIM_SetCounter)
    TIM_SetIC1Prescaler                      0x08005d7b   Thumb Code    18  stm32f10x_tim.o(i.TIM_SetIC1Prescaler)
    TIM_SetIC2Prescaler                      0x08005d8d   Thumb Code    26  stm32f10x_tim.o(i.TIM_SetIC2Prescaler)
    TIM_SetIC3Prescaler                      0x08005da7   Thumb Code    18  stm32f10x_tim.o(i.TIM_SetIC3Prescaler)
    TIM_SetIC4Prescaler                      0x08005db9   Thumb Code    26  stm32f10x_tim.o(i.TIM_SetIC4Prescaler)
    TIM_TimeBaseInit                         0x08005dd5   Thumb Code   122  stm32f10x_tim.o(i.TIM_TimeBaseInit)
    Timer_Init                               0x08005e79   Thumb Code   124  timer.o(i.Timer_Init)
    USART3_IRQHandler                        0x08005ef5   Thumb Code   154  serial.o(i.USART3_IRQHandler)
    USART_ClearITPendingBit                  0x08005fa9   Thumb Code    30  stm32f10x_usart.o(i.USART_ClearITPendingBit)
    USART_Cmd                                0x08005fc7   Thumb Code    24  stm32f10x_usart.o(i.USART_Cmd)
    USART_GetFlagStatus                      0x08005fdf   Thumb Code    26  stm32f10x_usart.o(i.USART_GetFlagStatus)
    USART_GetITStatus                        0x08005ff9   Thumb Code    84  stm32f10x_usart.o(i.USART_GetITStatus)
    USART_ITConfig                           0x0800604d   Thumb Code    74  stm32f10x_usart.o(i.USART_ITConfig)
    USART_Init                               0x08006099   Thumb Code   210  stm32f10x_usart.o(i.USART_Init)
    USART_ReceiveData                        0x08006171   Thumb Code    10  stm32f10x_usart.o(i.USART_ReceiveData)
    USART_SendData                           0x0800617b   Thumb Code     8  stm32f10x_usart.o(i.USART_SendData)
    UsageFault_Handler                       0x08006183   Thumb Code     4  stm32f10x_it.o(i.UsageFault_Handler)
    __ARM_fpclassify                         0x08006187   Thumb Code    40  fpclassify.o(i.__ARM_fpclassify)
    __mathlib_dbl_overflow                   0x080061af   Thumb Code    14  dunder.o(i.__mathlib_dbl_overflow)
    __mathlib_dbl_underflow                  0x080061bd   Thumb Code    10  dunder.o(i.__mathlib_dbl_underflow)
    __mathlib_narrow                         0x080061cd   Thumb Code    16  narrow.o(i.__mathlib_narrow)
    __mathlib_tofloat                        0x080061dd   Thumb Code   184  narrow.o(i.__mathlib_tofloat)
    __support_ldexp                          0x08006299   Thumb Code    22  ldexp.o(i.__support_ldexp)
    _is_digit                                0x080062af   Thumb Code    14  __printf_wp.o(i._is_digit)
    digital                                  0x080062bd   Thumb Code   108  sensor.o(i.digital)
    frexp                                    0x08006331   Thumb Code    80  frexp.o(i.frexp)
    get_fused_error                          0x08006389   Thumb Code     2  error.o(i.get_fused_error)
    ldexp                                    0x0800638b   Thumb Code   116  ldexp.o(i.ldexp)
    main                                     0x08006401   Thumb Code   240  main.o(i.main)
    _get_lc_numeric                          0x08006589   Thumb Code    44  lc_numeric_c.o(locale$$code)
    _get_lc_ctype                            0x080065b5   Thumb Code    44  lc_ctype_c.o(locale$$code)
    __aeabi_d2f                              0x080065e1   Thumb Code     0  d2f.o(x$fpl$d2f)
    _d2f                                     0x080065e1   Thumb Code    98  d2f.o(x$fpl$d2f)
    __fpl_dcheck_NaN1                        0x08006645   Thumb Code    10  dcheck1.o(x$fpl$dcheck1)
    __fpl_dcmp_Inf                           0x08006655   Thumb Code    24  dcmpi.o(x$fpl$dcmpinf)
    __aeabi_cdcmpeq                          0x0800666d   Thumb Code     0  deqf.o(x$fpl$deqf)
    _dcmpeq                                  0x0800666d   Thumb Code   120  deqf.o(x$fpl$deqf)
    __aeabi_i2d                              0x080066e5   Thumb Code     0  dflt_clz.o(x$fpl$dflt)
    _dflt                                    0x080066e5   Thumb Code    46  dflt_clz.o(x$fpl$dflt)
    __aeabi_cdcmple                          0x08006715   Thumb Code     0  dleqf.o(x$fpl$dleqf)
    _dcmple                                  0x08006715   Thumb Code   120  dleqf.o(x$fpl$dleqf)
    __fpl_dcmple_InfNaN                      0x08006777   Thumb Code     0  dleqf.o(x$fpl$dleqf)
    __aeabi_dmul                             0x0800678d   Thumb Code     0  dmul.o(x$fpl$dmul)
    _dmul                                    0x0800678d   Thumb Code   332  dmul.o(x$fpl$dmul)
    __fpl_dnaninf                            0x080068e1   Thumb Code   156  dnaninf.o(x$fpl$dnaninf)
    __fpl_dretinf                            0x0800697d   Thumb Code    12  dretinf.o(x$fpl$dretinf)
    __aeabi_cdrcmple                         0x08006989   Thumb Code     0  drleqf.o(x$fpl$drleqf)
    _drcmple                                 0x08006989   Thumb Code   108  drleqf.o(x$fpl$drleqf)
    __aeabi_f2d                              0x080069f5   Thumb Code     0  f2d.o(x$fpl$f2d)
    _f2d                                     0x080069f5   Thumb Code    86  f2d.o(x$fpl$f2d)
    __aeabi_fadd                             0x08006a4d   Thumb Code     0  faddsub_clz.o(x$fpl$fadd)
    _fadd                                    0x08006a4d   Thumb Code   196  faddsub_clz.o(x$fpl$fadd)
    __fpl_fcmp_Inf                           0x08006b11   Thumb Code    24  fcmpi.o(x$fpl$fcmpinf)
    __aeabi_fdiv                             0x08006b29   Thumb Code     0  fdiv.o(x$fpl$fdiv)
    _fdiv                                    0x08006b29   Thumb Code   384  fdiv.o(x$fpl$fdiv)
    __aeabi_f2iz                             0x08006cad   Thumb Code     0  ffix.o(x$fpl$ffix)
    _ffix                                    0x08006cad   Thumb Code    54  ffix.o(x$fpl$ffix)
    __aeabi_f2uiz                            0x08006ce5   Thumb Code     0  ffixu.o(x$fpl$ffixu)
    _ffixu                                   0x08006ce5   Thumb Code    62  ffixu.o(x$fpl$ffixu)
    __aeabi_i2f                              0x08006d25   Thumb Code     0  fflt_clz.o(x$fpl$fflt)
    _fflt                                    0x08006d25   Thumb Code    48  fflt_clz.o(x$fpl$fflt)
    __aeabi_cfcmple                          0x08006d55   Thumb Code     0  fleqf.o(x$fpl$fleqf)
    _fcmple                                  0x08006d55   Thumb Code   104  fleqf.o(x$fpl$fleqf)
    __fpl_fcmple_InfNaN                      0x08006da7   Thumb Code     0  fleqf.o(x$fpl$fleqf)
    __aeabi_fmul                             0x08006dbd   Thumb Code     0  fmul.o(x$fpl$fmul)
    _fmul                                    0x08006dbd   Thumb Code   258  fmul.o(x$fpl$fmul)
    __fpl_fnaninf                            0x08006ebf   Thumb Code   140  fnaninf.o(x$fpl$fnaninf)
    __fpl_fretinf                            0x08006f4b   Thumb Code    10  fretinf.o(x$fpl$fretinf)
    __aeabi_cfrcmple                         0x08006f55   Thumb Code     0  frleqf.o(x$fpl$frleqf)
    _frcmple                                 0x08006f55   Thumb Code    98  frleqf.o(x$fpl$frleqf)
    __aeabi_frsub                            0x08006fb7   Thumb Code     0  faddsub_clz.o(x$fpl$frsb)
    _frsb                                    0x08006fb7   Thumb Code    20  faddsub_clz.o(x$fpl$frsb)
    __aeabi_fsub                             0x08006fcd   Thumb Code     0  faddsub_clz.o(x$fpl$fsub)
    _fsub                                    0x08006fcd   Thumb Code   234  faddsub_clz.o(x$fpl$fsub)
    __ieee_status                            0x080070b7   Thumb Code     6  istatus.o(x$fpl$ieeestatus)
    _printf_fp_dec                           0x080070bd   Thumb Code     4  printf1.o(x$fpl$printf1)
    _printf_fp_hex                           0x080070c1   Thumb Code     4  printf2.o(x$fpl$printf2)
    __fpl_return_NaN                         0x080070c5   Thumb Code   100  retnan.o(x$fpl$retnan)
    __ARM_scalbn                             0x08007129   Thumb Code    92  scalbn.o(x$fpl$scalbn)
    _scanf_real                              0x08007185   Thumb Code     4  scanf1.o(x$fpl$scanf1)
    _scanf_hex_real                          0x08007189   Thumb Code     4  scanf2.o(x$fpl$scanf2)
    _scanf_infnan                            0x0800718d   Thumb Code     4  scanf2.o(x$fpl$scanf2)
    __fpl_cmpreturn                          0x08007191   Thumb Code    48  trapv.o(x$fpl$trapveneer)
    OLED_F8x16                               0x080071c0   Data        1520  oled_data.o(.constdata)
    __I$use$fp                               0x080071c0   Number         0  usenofp.o(x$fpl$usenofp)
    OLED_F6x8                                0x080077b0   Data         570  oled_data.o(.constdata)
    OLED_CF16x16                             0x080079ea   Data         481  oled_data.o(.constdata)
    Diode                                    0x08007bcb   Data          32  oled_data.o(.constdata)
    Region$$Table$$Base                      0x08007d10   Number         0  anon$$obj.o(Region$$Table)
    Region$$Table$$Limit                     0x08007d30   Number         0  anon$$obj.o(Region$$Table)
    __aeabi_HUGE_VAL                         0x08007d30   Data           0  fpconst.o(c$$dinf)
    __aeabi_HUGE_VALL                        0x08007d30   Data           0  fpconst.o(c$$dinf)
    __aeabi_INFINITY                         0x08007d30   Data           0  fpconst.o(c$$dinf)
    __dInf                                   0x08007d30   Data           0  fpconst.o(c$$dinf)
    __huge_val                               0x08007d30   Data           0  fpconst.o(c$$dinf)
    __dbl_max                                0x08007d38   Data           0  fpconst.o(c$$dmax)
    __ctype                                  0x08007d69   Data           0  lc_ctype_c.o(locale$$data)
    yaw                                      0x20000014   Data           4  mpu6050.o(.data)
    AX                                       0x20000018   Data           2  mpu6050.o(.data)
    AY                                       0x2000001a   Data           2  mpu6050.o(.data)
    AZ                                       0x2000001c   Data           2  mpu6050.o(.data)
    GX                                       0x2000001e   Data           2  mpu6050.o(.data)
    GY                                       0x20000020   Data           2  mpu6050.o(.data)
    GZ                                       0x20000022   Data           2  mpu6050.o(.data)
    gyro_calibration_done                    0x20000024   Data           1  mpu6050.o(.data)
    Speed_L                                  0x20000038   Data           4  encoder.o(.data)
    Speed_R                                  0x2000003c   Data           4  encoder.o(.data)
    Speed_L_Temp                             0x20000040   Data           4  encoder.o(.data)
    Speed_R_Temp                             0x20000044   Data           4  encoder.o(.data)
    Speed_Smooth                             0x20000048   Data           4  encoder.o(.data)
    Location                                 0x2000004c   Data           4  encoder.o(.data)
    Location_per                             0x20000050   Data           4  encoder.o(.data)
    Real_Distance                            0x20000054   Data           4  encoder.o(.data)
    KeyNum                                   0x20000058   Data           1  key.o(.data)
    Serial_RxData                            0x2000005c   Data           1  serial.o(.data)
    Serial_RxFlag                            0x2000005d   Data           1  serial.o(.data)
    Serial_RxPacketReady                     0x2000005e   Data           1  serial.o(.data)
    data_ready                               0x20000060   Data           1  main.o(.data)
    Sys_Mode                                 0x20000061   Data           1  main.o(.data)
    Remote_BaseSpeed                         0x20000064   Data           4  main.o(.data)
    i1                                       0x20000070   Data           4  error.o(.data)
    i2                                       0x20000074   Data           4  error.o(.data)
    i3                                       0x20000078   Data           4  error.o(.data)
    i4                                       0x2000007c   Data           4  error.o(.data)
    i5                                       0x20000080   Data           4  error.o(.data)
    err                                      0x20000084   Data           4  error.o(.data)
    Place_Enable                             0x20000088   Data           1  pid.o(.data)
    PWM_Enable                               0x20000089   Data           1  pid.o(.data)
    Speed_Out_L                              0x2000008c   Data           4  pid.o(.data)
    Speed_Out_R                              0x20000090   Data           4  pid.o(.data)
    Place_Out                                0x20000094   Data           4  pid.o(.data)
    sensor_err                               0x20000098   Data           4  pid.o(.data)
    final_err                                0x2000009c   Data           4  pid.o(.data)
    straight_err                             0x200000a0   Data           4  pid.o(.data)
    Basic_Speed                              0x200000a4   Data           4  pid.o(.data)
    Turn_factor                              0x200000a8   Data           4  pid.o(.data)
    Left_Speed                               0x200000ac   Data           4  pid.o(.data)
    Right_Speed                              0x200000b0   Data           4  pid.o(.data)
    Speed_PID                                0x200000b4   Data          12  pid.o(.data)
    Place_PD                                 0x200000c0   Data           8  pid.o(.data)
    Key_Num                                  0x200000dc   Data           1  menu.o(.data)
    func_index                               0x200000dd   Data           1  menu.o(.data)
    Cursor                                   0x200000de   Data           1  menu.o(.data)
    Key_Flag                                 0x200000e0   Data           4  menu.o(.data)
    Start_Run_Flag                           0x200000e4   Data           1  menu.o(.data)
    Delay_Run_Flag                           0x200000e5   Data           1  menu.o(.data)
    current_operation_index                  0x200000e8   Data           4  menu.o(.data)
    table                                    0x200000ec   Data         800  menu.o(.data)
    Element_Flag                             0x20000410   Data           1  element.o(.data)
    Patrol_State                             0x20000411   Data           1  element.o(.data)
    Noline_Flag                              0x20000412   Data           1  element.o(.data)
    Stop_Flag                                0x20000413   Data           1  element.o(.data)
    second_line_count                        0x20000414   Data           1  element.o(.data)
    second_last_line                         0x20000415   Data           1  element.o(.data)
    Turn_State                               0x20000416   Data           1  element.o(.data)
    straight_target_yaw                      0x20000418   Data           4  element.o(.data)
    yaw_error                                0x2000041c   Data           4  element.o(.data)
    OLED_DisplayBuf                          0x20000440   Data        1024  oled.o(.bss)
    Serial_RxPacket                          0x20000840   Data         100  serial.o(.bss)
    __libspace_start                         0x200008a4   Data          96  libspace.o(.bss)
    __temporary_stack_top$libspace           0x20000904   Data           0  libspace.o(.bss)



==============================================================================

Memory Map of the image

  Image Entry point : 0x080000ed

  Load Region LR_IROM1 (Base: 0x08000000, Size: 0x000082ac, Max: 0x00010000, ABSOLUTE, COMPRESSED[0x00007ed8])

    Execution Region ER_IROM1 (Exec base: 0x08000000, Load base: 0x08000000, Size: 0x00007e6c, Max: 0x00010000, ABSOLUTE)

    Exec Addr    Load Addr    Size         Type   Attr      Idx    E Section Name        Object

    0x08000000   0x08000000   0x000000ec   Data   RO            3    RESET               startup_stm32f10x_md.o
    0x080000ec   0x080000ec   0x00000008   Code   RO         4377  * !!!main             c_w.l(__main.o)
    0x080000f4   0x080000f4   0x00000034   Code   RO         4884    !!!scatter          c_w.l(__scatter.o)
    0x08000128   0x08000128   0x0000005a   Code   RO         4882    !!dczerorl2         c_w.l(__dczerorl2.o)
    0x08000182   0x08000182   0x00000002   PAD
    0x08000184   0x08000184   0x0000001c   Code   RO         4886    !!handler_zi        c_w.l(__scatter_zi.o)
    0x080001a0   0x080001a0   0x00000000   Code   RO         4549    .ARM.Collect$$_printf_percent$$00000000  c_w.l(_printf_percent.o)
    0x080001a0   0x080001a0   0x00000006   Code   RO         4538    .ARM.Collect$$_printf_percent$$00000001  c_w.l(_printf_n.o)
    0x080001a6   0x080001a6   0x00000006   Code   RO         4540    .ARM.Collect$$_printf_percent$$00000002  c_w.l(_printf_p.o)
    0x080001ac   0x080001ac   0x00000006   Code   RO         4545    .ARM.Collect$$_printf_percent$$00000003  c_w.l(_printf_f.o)
    0x080001b2   0x080001b2   0x00000006   Code   RO         4546    .ARM.Collect$$_printf_percent$$00000004  c_w.l(_printf_e.o)
    0x080001b8   0x080001b8   0x00000006   Code   RO         4547    .ARM.Collect$$_printf_percent$$00000005  c_w.l(_printf_g.o)
    0x080001be   0x080001be   0x00000006   Code   RO         4548    .ARM.Collect$$_printf_percent$$00000006  c_w.l(_printf_a.o)
    0x080001c4   0x080001c4   0x0000000a   Code   RO         4553    .ARM.Collect$$_printf_percent$$00000007  c_w.l(_printf_ll.o)
    0x080001ce   0x080001ce   0x00000006   Code   RO         4542    .ARM.Collect$$_printf_percent$$00000008  c_w.l(_printf_i.o)
    0x080001d4   0x080001d4   0x00000006   Code   RO         4543    .ARM.Collect$$_printf_percent$$00000009  c_w.l(_printf_d.o)
    0x080001da   0x080001da   0x00000006   Code   RO         4544    .ARM.Collect$$_printf_percent$$0000000A  c_w.l(_printf_u.o)
    0x080001e0   0x080001e0   0x00000006   Code   RO         4541    .ARM.Collect$$_printf_percent$$0000000B  c_w.l(_printf_o.o)
    0x080001e6   0x080001e6   0x00000006   Code   RO         4539    .ARM.Collect$$_printf_percent$$0000000C  c_w.l(_printf_x.o)
    0x080001ec   0x080001ec   0x00000006   Code   RO         4550    .ARM.Collect$$_printf_percent$$0000000D  c_w.l(_printf_lli.o)
    0x080001f2   0x080001f2   0x00000006   Code   RO         4551    .ARM.Collect$$_printf_percent$$0000000E  c_w.l(_printf_lld.o)
    0x080001f8   0x080001f8   0x00000006   Code   RO         4552    .ARM.Collect$$_printf_percent$$0000000F  c_w.l(_printf_llu.o)
    0x080001fe   0x080001fe   0x00000006   Code   RO         4557    .ARM.Collect$$_printf_percent$$00000010  c_w.l(_printf_llo.o)
    0x08000204   0x08000204   0x00000006   Code   RO         4558    .ARM.Collect$$_printf_percent$$00000011  c_w.l(_printf_llx.o)
    0x0800020a   0x0800020a   0x0000000a   Code   RO         4554    .ARM.Collect$$_printf_percent$$00000012  c_w.l(_printf_l.o)
    0x08000214   0x08000214   0x00000006   Code   RO         4536    .ARM.Collect$$_printf_percent$$00000013  c_w.l(_printf_c.o)
    0x0800021a   0x0800021a   0x00000006   Code   RO         4537    .ARM.Collect$$_printf_percent$$00000014  c_w.l(_printf_s.o)
    0x08000220   0x08000220   0x00000006   Code   RO         4555    .ARM.Collect$$_printf_percent$$00000015  c_w.l(_printf_lc.o)
    0x08000226   0x08000226   0x00000006   Code   RO         4556    .ARM.Collect$$_printf_percent$$00000016  c_w.l(_printf_ls.o)
    0x0800022c   0x0800022c   0x00000004   Code   RO         4655    .ARM.Collect$$_printf_percent$$00000017  c_w.l(_printf_percent_end.o)
    0x08000230   0x08000230   0x00000002   Code   RO         4728    .ARM.Collect$$libinit$$00000000  c_w.l(libinit.o)
    0x08000232   0x08000232   0x00000000   Code   RO         4730    .ARM.Collect$$libinit$$00000002  c_w.l(libinit2.o)
    0x08000232   0x08000232   0x00000000   Code   RO         4732    .ARM.Collect$$libinit$$00000004  c_w.l(libinit2.o)
    0x08000232   0x08000232   0x00000000   Code   RO         4735    .ARM.Collect$$libinit$$0000000A  c_w.l(libinit2.o)
    0x08000232   0x08000232   0x00000000   Code   RO         4737    .ARM.Collect$$libinit$$0000000C  c_w.l(libinit2.o)
    0x08000232   0x08000232   0x00000000   Code   RO         4739    .ARM.Collect$$libinit$$0000000E  c_w.l(libinit2.o)
    0x08000232   0x08000232   0x00000006   Code   RO         4740    .ARM.Collect$$libinit$$0000000F  c_w.l(libinit2.o)
    0x08000238   0x08000238   0x00000000   Code   RO         4742    .ARM.Collect$$libinit$$00000011  c_w.l(libinit2.o)
    0x08000238   0x08000238   0x0000000c   Code   RO         4743    .ARM.Collect$$libinit$$00000012  c_w.l(libinit2.o)
    0x08000244   0x08000244   0x00000000   Code   RO         4744    .ARM.Collect$$libinit$$00000013  c_w.l(libinit2.o)
    0x08000244   0x08000244   0x00000000   Code   RO         4746    .ARM.Collect$$libinit$$00000015  c_w.l(libinit2.o)
    0x08000244   0x08000244   0x0000000a   Code   RO         4747    .ARM.Collect$$libinit$$00000016  c_w.l(libinit2.o)
    0x0800024e   0x0800024e   0x00000000   Code   RO         4748    .ARM.Collect$$libinit$$00000017  c_w.l(libinit2.o)
    0x0800024e   0x0800024e   0x00000000   Code   RO         4750    .ARM.Collect$$libinit$$00000019  c_w.l(libinit2.o)
    0x0800024e   0x0800024e   0x00000000   Code   RO         4752    .ARM.Collect$$libinit$$0000001B  c_w.l(libinit2.o)
    0x0800024e   0x0800024e   0x00000000   Code   RO         4754    .ARM.Collect$$libinit$$0000001D  c_w.l(libinit2.o)
    0x0800024e   0x0800024e   0x00000000   Code   RO         4756    .ARM.Collect$$libinit$$0000001F  c_w.l(libinit2.o)
    0x0800024e   0x0800024e   0x00000000   Code   RO         4758    .ARM.Collect$$libinit$$00000021  c_w.l(libinit2.o)
    0x0800024e   0x0800024e   0x00000000   Code   RO         4760    .ARM.Collect$$libinit$$00000023  c_w.l(libinit2.o)
    0x0800024e   0x0800024e   0x00000000   Code   RO         4762    .ARM.Collect$$libinit$$00000025  c_w.l(libinit2.o)
    0x0800024e   0x0800024e   0x00000000   Code   RO         4766    .ARM.Collect$$libinit$$0000002C  c_w.l(libinit2.o)
    0x0800024e   0x0800024e   0x00000000   Code   RO         4768    .ARM.Collect$$libinit$$0000002E  c_w.l(libinit2.o)
    0x0800024e   0x0800024e   0x00000000   Code   RO         4770    .ARM.Collect$$libinit$$00000030  c_w.l(libinit2.o)
    0x0800024e   0x0800024e   0x00000000   Code   RO         4772    .ARM.Collect$$libinit$$00000032  c_w.l(libinit2.o)
    0x0800024e   0x0800024e   0x00000002   Code   RO         4773    .ARM.Collect$$libinit$$00000033  c_w.l(libinit2.o)
    0x08000250   0x08000250   0x00000002   Code   RO         4828    .ARM.Collect$$libshutdown$$00000000  c_w.l(libshutdown.o)
    0x08000252   0x08000252   0x00000000   Code   RO         4839    .ARM.Collect$$libshutdown$$00000002  c_w.l(libshutdown2.o)
    0x08000252   0x08000252   0x00000000   Code   RO         4841    .ARM.Collect$$libshutdown$$00000004  c_w.l(libshutdown2.o)
    0x08000252   0x08000252   0x00000000   Code   RO         4843    .ARM.Collect$$libshutdown$$00000006  c_w.l(libshutdown2.o)
    0x08000252   0x08000252   0x00000000   Code   RO         4846    .ARM.Collect$$libshutdown$$00000009  c_w.l(libshutdown2.o)
    0x08000252   0x08000252   0x00000000   Code   RO         4849    .ARM.Collect$$libshutdown$$0000000C  c_w.l(libshutdown2.o)
    0x08000252   0x08000252   0x00000000   Code   RO         4851    .ARM.Collect$$libshutdown$$0000000E  c_w.l(libshutdown2.o)
    0x08000252   0x08000252   0x00000000   Code   RO         4854    .ARM.Collect$$libshutdown$$00000011  c_w.l(libshutdown2.o)
    0x08000252   0x08000252   0x00000002   Code   RO         4855    .ARM.Collect$$libshutdown$$00000012  c_w.l(libshutdown2.o)
    0x08000254   0x08000254   0x00000000   Code   RO         4465    .ARM.Collect$$rtentry$$00000000  c_w.l(__rtentry.o)
    0x08000254   0x08000254   0x00000000   Code   RO         4614    .ARM.Collect$$rtentry$$00000002  c_w.l(__rtentry2.o)
    0x08000254   0x08000254   0x00000006   Code   RO         4626    .ARM.Collect$$rtentry$$00000004  c_w.l(__rtentry4.o)
    0x0800025a   0x0800025a   0x00000000   Code   RO         4616    .ARM.Collect$$rtentry$$00000009  c_w.l(__rtentry2.o)
    0x0800025a   0x0800025a   0x00000004   Code   RO         4617    .ARM.Collect$$rtentry$$0000000A  c_w.l(__rtentry2.o)
    0x0800025e   0x0800025e   0x00000000   Code   RO         4619    .ARM.Collect$$rtentry$$0000000C  c_w.l(__rtentry2.o)
    0x0800025e   0x0800025e   0x00000008   Code   RO         4620    .ARM.Collect$$rtentry$$0000000D  c_w.l(__rtentry2.o)
    0x08000266   0x08000266   0x00000002   Code   RO         4780    .ARM.Collect$$rtexit$$00000000  c_w.l(rtexit.o)
    0x08000268   0x08000268   0x00000000   Code   RO         4806    .ARM.Collect$$rtexit$$00000002  c_w.l(rtexit2.o)
    0x08000268   0x08000268   0x00000004   Code   RO         4807    .ARM.Collect$$rtexit$$00000003  c_w.l(rtexit2.o)
    0x0800026c   0x0800026c   0x00000006   Code   RO         4808    .ARM.Collect$$rtexit$$00000004  c_w.l(rtexit2.o)
    0x08000272   0x08000272   0x00000002   PAD
    0x08000274   0x08000274   0x00000040   Code   RO            4    .text               startup_stm32f10x_md.o
    0x080002b4   0x080002b4   0x00000024   Code   RO         4363    .text               c_w.l(vsprintf.o)
    0x080002d8   0x080002d8   0x0000003c   Code   RO         4365    .text               c_w.l(__0sscanf.o)
    0x08000314   0x08000314   0x0000014c   Code   RO         4367    .text               c_w.l(_scanf_int.o)
    0x08000460   0x08000460   0x0000003e   Code   RO         4369    .text               c_w.l(strlen.o)
    0x0800049e   0x0800049e   0x00000096   Code   RO         4371    .text               c_w.l(strncmp.o)
    0x08000534   0x08000534   0x00000080   Code   RO         4373    .text               c_w.l(strcmpv7m.o)
    0x080005b4   0x080005b4   0x00000006   Code   RO         4375    .text               c_w.l(heapauxi.o)
    0x080005ba   0x080005ba   0x00000016   Code   RO         4466    .text               c_w.l(_rserrno.o)
    0x080005d0   0x080005d0   0x0000004e   Code   RO         4470    .text               c_w.l(_printf_pad.o)
    0x0800061e   0x0800061e   0x00000024   Code   RO         4472    .text               c_w.l(_printf_truncate.o)
    0x08000642   0x08000642   0x00000052   Code   RO         4474    .text               c_w.l(_printf_str.o)
    0x08000694   0x08000694   0x00000078   Code   RO         4476    .text               c_w.l(_printf_dec.o)
    0x0800070c   0x0800070c   0x00000028   Code   RO         4478    .text               c_w.l(_printf_charcount.o)
    0x08000734   0x08000734   0x00000030   Code   RO         4480    .text               c_w.l(_printf_char_common.o)
    0x08000764   0x08000764   0x0000000a   Code   RO         4482    .text               c_w.l(_sputc.o)
    0x0800076e   0x0800076e   0x00000002   PAD
    0x08000770   0x08000770   0x000000bc   Code   RO         4484    .text               c_w.l(_printf_wctomb.o)
    0x0800082c   0x0800082c   0x0000007c   Code   RO         4487    .text               c_w.l(_printf_longlong_dec.o)
    0x080008a8   0x080008a8   0x00000070   Code   RO         4493    .text               c_w.l(_printf_oct_int_ll.o)
    0x08000918   0x08000918   0x00000094   Code   RO         4513    .text               c_w.l(_printf_hex_int_ll_ptr.o)
    0x080009ac   0x080009ac   0x00000188   Code   RO         4533    .text               c_w.l(__printf_flags_ss_wp.o)
    0x08000b34   0x08000b34   0x0000001c   Code   RO         4559    .text               c_w.l(_chval.o)
    0x08000b50   0x08000b50   0x000004f8   Code   RO         4561    .text               c_w.l(scanf_fp.o)
    0x08001048   0x08001048   0x0000002c   Code   RO         4563    .text               c_w.l(scanf_char.o)
    0x08001074   0x08001074   0x00000040   Code   RO         4565    .text               c_w.l(_sgetc.o)
    0x080010b4   0x080010b4   0x00000008   Code   RO         4631    .text               c_w.l(rt_locale_intlibspace.o)
    0x080010bc   0x080010bc   0x00000008   Code   RO         4636    .text               c_w.l(rt_errno_addr_intlibspace.o)
    0x080010c4   0x080010c4   0x0000008a   Code   RO         4638    .text               c_w.l(lludiv10.o)
    0x0800114e   0x0800114e   0x00000012   Code   RO         4640    .text               c_w.l(isspace.o)
    0x08001160   0x08001160   0x000000b2   Code   RO         4642    .text               c_w.l(_printf_intcommon.o)
    0x08001212   0x08001212   0x0000041e   Code   RO         4644    .text               c_w.l(_printf_fp_dec.o)
    0x08001630   0x08001630   0x000002fc   Code   RO         4646    .text               c_w.l(_printf_fp_hex.o)
    0x0800192c   0x0800192c   0x0000002c   Code   RO         4651    .text               c_w.l(_printf_char.o)
    0x08001958   0x08001958   0x0000002c   Code   RO         4653    .text               c_w.l(_printf_wchar.o)
    0x08001984   0x08001984   0x00000374   Code   RO         4656    .text               c_w.l(_scanf.o)
    0x08001cf8   0x08001cf8   0x000000e4   Code   RO         4658    .text               c_w.l(bigflt0.o)
    0x08001ddc   0x08001ddc   0x00000040   Code   RO         4683    .text               c_w.l(_wcrtomb.o)
    0x08001e1c   0x08001e1c   0x00000008   Code   RO         4708    .text               c_w.l(libspace.o)
    0x08001e24   0x08001e24   0x0000004a   Code   RO         4711    .text               c_w.l(sys_stackheap_outer.o)
    0x08001e6e   0x08001e6e   0x00000002   PAD
    0x08001e70   0x08001e70   0x00000010   Code   RO         4713    .text               c_w.l(rt_ctype_table.o)
    0x08001e80   0x08001e80   0x00000080   Code   RO         4715    .text               c_w.l(_printf_fp_infnan.o)
    0x08001f00   0x08001f00   0x00000320   Code   RO         4717    .text               c_w.l(scanf_hexfp.o)
    0x08002220   0x08002220   0x00000134   Code   RO         4719    .text               c_w.l(scanf_infnan.o)
    0x08002354   0x08002354   0x00000012   Code   RO         4721    .text               c_w.l(exit.o)
    0x08002366   0x08002366   0x00000026   Code   RO         4782    .text               c_w.l(llshl.o)
    0x0800238c   0x0800238c   0x0000000c   Code   RO         4818    .text               c_w.l(sys_exit.o)
    0x08002398   0x08002398   0x00000002   Code   RO         4829    .text               c_w.l(use_no_semi.o)
    0x0800239a   0x0800239a   0x00000000   Code   RO         4831    .text               c_w.l(indicate_semi.o)
    0x0800239a   0x0800239a   0x0000003e   Code   RO         4661    CL$$btod_d2e        c_w.l(btod.o)
    0x080023d8   0x080023d8   0x00000046   Code   RO         4663    CL$$btod_d2e_denorm_low  c_w.l(btod.o)
    0x0800241e   0x0800241e   0x00000060   Code   RO         4662    CL$$btod_d2e_norm_op1  c_w.l(btod.o)
    0x0800247e   0x0800247e   0x00000338   Code   RO         4671    CL$$btod_div_common  c_w.l(btod.o)
    0x080027b6   0x080027b6   0x00000002   PAD
    0x080027b8   0x080027b8   0x00000084   Code   RO         4669    CL$$btod_e2d        c_w.l(btod.o)
    0x0800283c   0x0800283c   0x000000dc   Code   RO         4668    CL$$btod_e2e        c_w.l(btod.o)
    0x08002918   0x08002918   0x0000002a   Code   RO         4665    CL$$btod_ediv       c_w.l(btod.o)
    0x08002942   0x08002942   0x0000002a   Code   RO         4667    CL$$btod_edivd      c_w.l(btod.o)
    0x0800296c   0x0800296c   0x0000002a   Code   RO         4664    CL$$btod_emul       c_w.l(btod.o)
    0x08002996   0x08002996   0x0000002a   Code   RO         4666    CL$$btod_emuld      c_w.l(btod.o)
    0x080029c0   0x080029c0   0x00000244   Code   RO         4670    CL$$btod_mult_common  c_w.l(btod.o)
    0x08002c04   0x08002c04   0x00000304   Code   RO         3948    i.Bluetooth_Handle  main.o
    0x08002f08   0x08002f08   0x00000078   Code   RO         4120    i.Boot_animation    menu.o
    0x08002f80   0x08002f80   0x00000004   Code   RO         3978    i.BusFault_Handler  stm32f10x_it.o
    0x08002f84   0x08002f84   0x0000011c   Code   RO         4078    i.Control           pid.o
    0x080030a0   0x080030a0   0x00000002   Code   RO         3979    i.DebugMon_Handler  stm32f10x_it.o
    0x080030a2   0x080030a2   0x00000018   Code   RO         3196    i.Delay_ms          delay.o
    0x080030ba   0x080030ba   0x0000002e   Code   RO         3198    i.Delay_us          delay.o
    0x080030e8   0x080030e8   0x00000110   Code   RO         4079    i.Different_Speed   pid.o
    0x080031f8   0x080031f8   0x00000098   Code   RO         4181    i.Element_Noline    element.o
    0x08003290   0x08003290   0x00000024   Code   RO         4182    i.Element_Process   element.o
    0x080032b4   0x080032b4   0x00000024   Code   RO         3729    i.Encoder_Get_L     encoder.o
    0x080032d8   0x080032d8   0x00000024   Code   RO         3730    i.Encoder_Get_R     encoder.o
    0x080032fc   0x080032fc   0x00000134   Code   RO         3731    i.Encoder_Init      encoder.o
    0x08003430   0x08003430   0x00000118   Code   RO         3732    i.Encoder_Read      encoder.o
    0x08003548   0x08003548   0x0000008c   Code   RO         4047    i.Error_Calcaulate  error.o
    0x080035d4   0x080035d4   0x00000116   Code   RO         1347    i.GPIO_Init         stm32f10x_gpio.o
    0x080036ea   0x080036ea   0x00000002   PAD
    0x080036ec   0x080036ec   0x00000090   Code   RO         1349    i.GPIO_PinRemapConfig  stm32f10x_gpio.o
    0x0800377c   0x0800377c   0x00000012   Code   RO         1351    i.GPIO_ReadInputDataBit  stm32f10x_gpio.o
    0x0800378e   0x0800378e   0x00000004   Code   RO         1354    i.GPIO_ResetBits    stm32f10x_gpio.o
    0x08003792   0x08003792   0x00000004   Code   RO         1355    i.GPIO_SetBits      stm32f10x_gpio.o
    0x08003796   0x08003796   0x0000000a   Code   RO         1358    i.GPIO_WriteBit     stm32f10x_gpio.o
    0x080037a0   0x080037a0   0x00000004   Code   RO         3980    i.HardFault_Handler  stm32f10x_it.o
    0x080037a4   0x080037a4   0x00000098   Code   RO         4121    i.Homepage_1        menu.o
    0x0800383c   0x0800383c   0x00000098   Code   RO         4122    i.Homepage_2        menu.o
    0x080038d4   0x080038d4   0x00000098   Code   RO         4123    i.Homepage_3        menu.o
    0x0800396c   0x0800396c   0x00000054   Code   RO         4124    i.Homepage_4        menu.o
    0x080039c0   0x080039c0   0x00000098   Code   RO         4125    i.Homepage_5        menu.o
    0x08003a58   0x08003a58   0x0000001c   Code   RO         3788    i.Key_GetNum        key.o
    0x08003a74   0x08003a74   0x00000028   Code   RO         3789    i.Key_GetState      key.o
    0x08003a9c   0x08003a9c   0x00000028   Code   RO         3790    i.Key_Init          key.o
    0x08003ac4   0x08003ac4   0x00000050   Code   RO         3791    i.Key_Tick          key.o
    0x08003b14   0x08003b14   0x00000150   Code   RO         3497    i.MPU6050_GetData   mpu6050.o
    0x08003c64   0x08003c64   0x00000084   Code   RO         3498    i.MPU6050_Init      mpu6050.o
    0x08003ce8   0x08003ce8   0x0000002e   Code   RO         3500    i.MPU6050_WriteReg  mpu6050.o
    0x08003d16   0x08003d16   0x00000004   Code   RO         3981    i.MemManage_Handler  stm32f10x_it.o
    0x08003d1a   0x08003d1a   0x00000002   PAD
    0x08003d1c   0x08003d1c   0x00000030   Code   RO         3677    i.Motor_Init        motor.o
    0x08003d4c   0x08003d4c   0x00000048   Code   RO         3678    i.Motor_SetPWM_L    motor.o
    0x08003d94   0x08003d94   0x00000048   Code   RO         3679    i.Motor_SetPWM_R    motor.o
    0x08003ddc   0x08003ddc   0x00000048   Code   RO         3611    i.MyI2C_Init        myi2c.o
    0x08003e24   0x08003e24   0x0000001c   Code   RO         3612    i.MyI2C_R_SDA       myi2c.o
    0x08003e40   0x08003e40   0x00000030   Code   RO         3613    i.MyI2C_ReceiveAck  myi2c.o
    0x08003e70   0x08003e70   0x00000044   Code   RO         3614    i.MyI2C_ReceiveByte  myi2c.o
    0x08003eb4   0x08003eb4   0x00000036   Code   RO         3615    i.MyI2C_SendAck     myi2c.o
    0x08003eea   0x08003eea   0x00000050   Code   RO         3616    i.MyI2C_SendByte    myi2c.o
    0x08003f3a   0x08003f3a   0x00000034   Code   RO         3617    i.MyI2C_Start       myi2c.o
    0x08003f6e   0x08003f6e   0x00000028   Code   RO         3618    i.MyI2C_Stop        myi2c.o
    0x08003f96   0x08003f96   0x00000002   PAD
    0x08003f98   0x08003f98   0x0000001c   Code   RO         3619    i.MyI2C_W_SCL       myi2c.o
    0x08003fb4   0x08003fb4   0x0000001c   Code   RO         3620    i.MyI2C_W_SDA       myi2c.o
    0x08003fd0   0x08003fd0   0x00000002   Code   RO         3982    i.NMI_Handler       stm32f10x_it.o
    0x08003fd2   0x08003fd2   0x00000002   PAD
    0x08003fd4   0x08003fd4   0x00000070   Code   RO          137    i.NVIC_Init         misc.o
    0x08004044   0x08004044   0x00000014   Code   RO          138    i.NVIC_PriorityGroupConfig  misc.o
    0x08004058   0x08004058   0x00000028   Code   RO         3232    i.OLED_Clear        oled.o
    0x08004080   0x08004080   0x00000090   Code   RO         3233    i.OLED_ClearArea    oled.o
    0x08004110   0x08004110   0x00000050   Code   RO         3238    i.OLED_DrawPoint    oled.o
    0x08004160   0x08004160   0x00000060   Code   RO         3241    i.OLED_GPIO_Init    oled.o
    0x080041c0   0x080041c0   0x0000003e   Code   RO         3243    i.OLED_I2C_SendByte  oled.o
    0x080041fe   0x080041fe   0x0000001c   Code   RO         3244    i.OLED_I2C_Start    oled.o
    0x0800421a   0x0800421a   0x00000016   Code   RO         3245    i.OLED_I2C_Stop     oled.o
    0x08004230   0x08004230   0x0000009a   Code   RO         3246    i.OLED_Init         oled.o
    0x080042ca   0x080042ca   0x00000032   Code   RO         3249    i.OLED_Printf       oled.o
    0x080042fc   0x080042fc   0x00000022   Code   RO         3252    i.OLED_SetCursor    oled.o
    0x0800431e   0x0800431e   0x00000002   PAD
    0x08004320   0x08004320   0x00000054   Code   RO         3254    i.OLED_ShowChar     oled.o
    0x08004374   0x08004374   0x000000d0   Code   RO         3255    i.OLED_ShowChinese  oled.o
    0x08004444   0x08004444   0x000000fc   Code   RO         3258    i.OLED_ShowImage    oled.o
    0x08004540   0x08004540   0x000001c4   Code   RO         3261    i.OLED_ShowString   oled.o
    0x08004704   0x08004704   0x00000028   Code   RO         3262    i.OLED_Update       oled.o
    0x0800472c   0x0800472c   0x00000018   Code   RO         3264    i.OLED_W_SCL        oled.o
    0x08004744   0x08004744   0x00000018   Code   RO         3265    i.OLED_W_SDA        oled.o
    0x0800475c   0x0800475c   0x00000020   Code   RO         3266    i.OLED_WriteCommand  oled.o
    0x0800477c   0x0800477c   0x0000002e   Code   RO         3267    i.OLED_WriteData    oled.o
    0x080047aa   0x080047aa   0x00000002   PAD
    0x080047ac   0x080047ac   0x00000044   Code   RO         4080    i.PID_Control_L     pid.o
    0x080047f0   0x080047f0   0x00000044   Code   RO         4081    i.PID_Control_R     pid.o
    0x08004834   0x08004834   0x000000bc   Code   RO         3704    i.PWM_Init          pwm.o
    0x080048f0   0x080048f0   0x00000014   Code   RO         3705    i.PWM_SetCompare1   pwm.o
    0x08004904   0x08004904   0x00000014   Code   RO         3706    i.PWM_SetCompare4   pwm.o
    0x08004918   0x08004918   0x00000aa4   Code   RO         4183    i.Patrol_Process    element.o
    0x080053bc   0x080053bc   0x00000002   Code   RO         3983    i.PendSV_Handler    stm32f10x_it.o
    0x080053be   0x080053be   0x00000002   PAD
    0x080053c0   0x080053c0   0x00000050   Code   RO         4082    i.Place_Control     pid.o
    0x08005410   0x08005410   0x00000020   Code   RO         1775    i.RCC_APB1PeriphClockCmd  stm32f10x_rcc.o
    0x08005430   0x08005430   0x00000020   Code   RO         1777    i.RCC_APB2PeriphClockCmd  stm32f10x_rcc.o
    0x08005450   0x08005450   0x000000d4   Code   RO         1785    i.RCC_GetClocksFreq  stm32f10x_rcc.o
    0x08005524   0x08005524   0x00000060   Code   RO         4048    i.Right_err         error.o
    0x08005584   0x08005584   0x00000040   Code   RO         3767    i.SENSOR_GPIO_Config  sensor.o
    0x080055c4   0x080055c4   0x00000002   Code   RO         3984    i.SVC_Handler       stm32f10x_it.o
    0x080055c6   0x080055c6   0x00000002   PAD
    0x080055c8   0x080055c8   0x000000b0   Code   RO         3827    i.Serial_Init       serial.o
    0x08005678   0x08005678   0x00000024   Code   RO         3829    i.Serial_Printf     serial.o
    0x0800569c   0x0800569c   0x00000020   Code   RO         3831    i.Serial_SendByte   serial.o
    0x080056bc   0x080056bc   0x0000001a   Code   RO         3833    i.Serial_SendString  serial.o
    0x080056d6   0x080056d6   0x00000008   Code   RO           24    i.SetSysClock       system_stm32f10x.o
    0x080056de   0x080056de   0x00000002   PAD
    0x080056e0   0x080056e0   0x000000e0   Code   RO           25    i.SetSysClockTo72   system_stm32f10x.o
    0x080057c0   0x080057c0   0x00000002   Code   RO         3985    i.SysTick_Handler   stm32f10x_it.o
    0x080057c2   0x080057c2   0x00000002   PAD
    0x080057c4   0x080057c4   0x00000060   Code   RO           27    i.SystemInit        system_stm32f10x.o
    0x08005824   0x08005824   0x00000080   Code   RO         2405    i.TI1_Config        stm32f10x_tim.o
    0x080058a4   0x080058a4   0x00000098   Code   RO         2406    i.TI2_Config        stm32f10x_tim.o
    0x0800593c   0x0800593c   0x00000090   Code   RO         2407    i.TI3_Config        stm32f10x_tim.o
    0x080059cc   0x080059cc   0x00000098   Code   RO         2408    i.TI4_Config        stm32f10x_tim.o
    0x08005a64   0x08005a64   0x0000002c   Code   RO         3949    i.TIM2_IRQHandler   main.o
    0x08005a90   0x08005a90   0x00000018   Code   RO         2409    i.TIM_ARRPreloadConfig  stm32f10x_tim.o
    0x08005aa8   0x08005aa8   0x00000006   Code   RO         2415    i.TIM_ClearFlag     stm32f10x_tim.o
    0x08005aae   0x08005aae   0x00000006   Code   RO         2416    i.TIM_ClearITPendingBit  stm32f10x_tim.o
    0x08005ab4   0x08005ab4   0x00000018   Code   RO         2421    i.TIM_Cmd           stm32f10x_tim.o
    0x08005acc   0x08005acc   0x0000001e   Code   RO         2423    i.TIM_CtrlPWMOutputs  stm32f10x_tim.o
    0x08005aea   0x08005aea   0x00000042   Code   RO         2430    i.TIM_EncoderInterfaceConfig  stm32f10x_tim.o
    0x08005b2c   0x08005b2c   0x00000006   Code   RO         2440    i.TIM_GetCounter    stm32f10x_tim.o
    0x08005b32   0x08005b32   0x00000022   Code   RO         2442    i.TIM_GetITStatus   stm32f10x_tim.o
    0x08005b54   0x08005b54   0x000000ac   Code   RO         2444    i.TIM_ICInit        stm32f10x_tim.o
    0x08005c00   0x08005c00   0x00000012   Code   RO         2445    i.TIM_ICStructInit  stm32f10x_tim.o
    0x08005c12   0x08005c12   0x00000012   Code   RO         2446    i.TIM_ITConfig      stm32f10x_tim.o
    0x08005c24   0x08005c24   0x0000000c   Code   RO         2448    i.TIM_InternalClockConfig  stm32f10x_tim.o
    0x08005c30   0x08005c30   0x00000098   Code   RO         2450    i.TIM_OC1Init       stm32f10x_tim.o
    0x08005cc8   0x08005cc8   0x00000012   Code   RO         2453    i.TIM_OC1PreloadConfig  stm32f10x_tim.o
    0x08005cda   0x08005cda   0x00000002   PAD
    0x08005cdc   0x08005cdc   0x0000007c   Code   RO         2465    i.TIM_OC4Init       stm32f10x_tim.o
    0x08005d58   0x08005d58   0x00000014   Code   RO         2468    i.TIM_OCStructInit  stm32f10x_tim.o
    0x08005d6c   0x08005d6c   0x00000004   Code   RO         2482    i.TIM_SetCompare1   stm32f10x_tim.o
    0x08005d70   0x08005d70   0x00000006   Code   RO         2485    i.TIM_SetCompare4   stm32f10x_tim.o
    0x08005d76   0x08005d76   0x00000004   Code   RO         2486    i.TIM_SetCounter    stm32f10x_tim.o
    0x08005d7a   0x08005d7a   0x00000012   Code   RO         2487    i.TIM_SetIC1Prescaler  stm32f10x_tim.o
    0x08005d8c   0x08005d8c   0x0000001a   Code   RO         2488    i.TIM_SetIC2Prescaler  stm32f10x_tim.o
    0x08005da6   0x08005da6   0x00000012   Code   RO         2489    i.TIM_SetIC3Prescaler  stm32f10x_tim.o
    0x08005db8   0x08005db8   0x0000001a   Code   RO         2490    i.TIM_SetIC4Prescaler  stm32f10x_tim.o
    0x08005dd2   0x08005dd2   0x00000002   PAD
    0x08005dd4   0x08005dd4   0x000000a4   Code   RO         2492    i.TIM_TimeBaseInit  stm32f10x_tim.o
    0x08005e78   0x08005e78   0x0000007c   Code   RO         3220    i.Timer_Init        timer.o
    0x08005ef4   0x08005ef4   0x000000b4   Code   RO         3834    i.USART3_IRQHandler  serial.o
    0x08005fa8   0x08005fa8   0x0000001e   Code   RO         2957    i.USART_ClearITPendingBit  stm32f10x_usart.o
    0x08005fc6   0x08005fc6   0x00000018   Code   RO         2960    i.USART_Cmd         stm32f10x_usart.o
    0x08005fde   0x08005fde   0x0000001a   Code   RO         2963    i.USART_GetFlagStatus  stm32f10x_usart.o
    0x08005ff8   0x08005ff8   0x00000054   Code   RO         2964    i.USART_GetITStatus  stm32f10x_usart.o
    0x0800604c   0x0800604c   0x0000004a   Code   RO         2966    i.USART_ITConfig    stm32f10x_usart.o
    0x08006096   0x08006096   0x00000002   PAD
    0x08006098   0x08006098   0x000000d8   Code   RO         2967    i.USART_Init        stm32f10x_usart.o
    0x08006170   0x08006170   0x0000000a   Code   RO         2974    i.USART_ReceiveData  stm32f10x_usart.o
    0x0800617a   0x0800617a   0x00000008   Code   RO         2977    i.USART_SendData    stm32f10x_usart.o
    0x08006182   0x08006182   0x00000004   Code   RO         3986    i.UsageFault_Handler  stm32f10x_it.o
    0x08006186   0x08006186   0x00000028   Code   RO         4608    i.__ARM_fpclassify  m_ws.l(fpclassify.o)
    0x080061ae   0x080061ae   0x0000000e   Code   RO         4598    i.__mathlib_dbl_overflow  m_ws.l(dunder.o)
    0x080061bc   0x080061bc   0x00000010   Code   RO         4600    i.__mathlib_dbl_underflow  m_ws.l(dunder.o)
    0x080061cc   0x080061cc   0x00000010   Code   RO         4702    i.__mathlib_narrow  m_ws.l(narrow.o)
    0x080061dc   0x080061dc   0x000000bc   Code   RO         4703    i.__mathlib_tofloat  m_ws.l(narrow.o)
    0x08006298   0x08006298   0x00000016   Code   RO         4794    i.__support_ldexp   m_ws.l(ldexp.o)
    0x080062ae   0x080062ae   0x0000000e   Code   RO         4526    i._is_digit         c_w.l(__printf_wp.o)
    0x080062bc   0x080062bc   0x00000074   Code   RO         3768    i.digital           sensor.o
    0x08006330   0x08006330   0x00000058   Code   RO         4777    i.frexp             m_ws.l(frexp.o)
    0x08006388   0x08006388   0x00000002   Code   RO         4049    i.get_fused_error   error.o
    0x0800638a   0x0800638a   0x00000074   Code   RO         4795    i.ldexp             m_ws.l(ldexp.o)
    0x080063fe   0x080063fe   0x00000002   PAD
    0x08006400   0x08006400   0x00000188   Code   RO         3950    i.main              main.o
    0x08006588   0x08006588   0x0000002c   Code   RO         4686    locale$$code        c_w.l(lc_numeric_c.o)
    0x080065b4   0x080065b4   0x0000002c   Code   RO         4785    locale$$code        c_w.l(lc_ctype_c.o)
    0x080065e0   0x080065e0   0x00000062   Code   RO         4379    x$fpl$d2f           fz_ws.l(d2f.o)
    0x08006642   0x08006642   0x00000002   PAD
    0x08006644   0x08006644   0x00000010   Code   RO         4688    x$fpl$dcheck1       fz_ws.l(dcheck1.o)
    0x08006654   0x08006654   0x00000018   Code   RO         4567    x$fpl$dcmpinf       fz_ws.l(dcmpi.o)
    0x0800666c   0x0800666c   0x00000078   Code   RO         4569    x$fpl$deqf          fz_ws.l(deqf.o)
    0x080066e4   0x080066e4   0x0000002e   Code   RO         4400    x$fpl$dflt          fz_ws.l(dflt_clz.o)
    0x08006712   0x08006712   0x00000002   PAD
    0x08006714   0x08006714   0x00000078   Code   RO         4405    x$fpl$dleqf         fz_ws.l(dleqf.o)
    0x0800678c   0x0800678c   0x00000154   Code   RO         4407    x$fpl$dmul          fz_ws.l(dmul.o)
    0x080068e0   0x080068e0   0x0000009c   Code   RO         4571    x$fpl$dnaninf       fz_ws.l(dnaninf.o)
    0x0800697c   0x0800697c   0x0000000c   Code   RO         4573    x$fpl$dretinf       fz_ws.l(dretinf.o)
    0x08006988   0x08006988   0x0000006c   Code   RO         4409    x$fpl$drleqf        fz_ws.l(drleqf.o)
    0x080069f4   0x080069f4   0x00000056   Code   RO         4411    x$fpl$f2d           fz_ws.l(f2d.o)
    0x08006a4a   0x08006a4a   0x00000002   PAD
    0x08006a4c   0x08006a4c   0x000000c4   Code   RO         4413    x$fpl$fadd          fz_ws.l(faddsub_clz.o)
    0x08006b10   0x08006b10   0x00000018   Code   RO         4577    x$fpl$fcmpinf       fz_ws.l(fcmpi.o)
    0x08006b28   0x08006b28   0x00000184   Code   RO         4420    x$fpl$fdiv          fz_ws.l(fdiv.o)
    0x08006cac   0x08006cac   0x00000036   Code   RO         4423    x$fpl$ffix          fz_ws.l(ffix.o)
    0x08006ce2   0x08006ce2   0x00000002   PAD
    0x08006ce4   0x08006ce4   0x0000003e   Code   RO         4427    x$fpl$ffixu         fz_ws.l(ffixu.o)
    0x08006d22   0x08006d22   0x00000002   PAD
    0x08006d24   0x08006d24   0x00000030   Code   RO         4432    x$fpl$fflt          fz_ws.l(fflt_clz.o)
    0x08006d54   0x08006d54   0x00000068   Code   RO         4437    x$fpl$fleqf         fz_ws.l(fleqf.o)
    0x08006dbc   0x08006dbc   0x00000102   Code   RO         4439    x$fpl$fmul          fz_ws.l(fmul.o)
    0x08006ebe   0x08006ebe   0x0000008c   Code   RO         4579    x$fpl$fnaninf       fz_ws.l(fnaninf.o)
    0x08006f4a   0x08006f4a   0x0000000a   Code   RO         4581    x$fpl$fretinf       fz_ws.l(fretinf.o)
    0x08006f54   0x08006f54   0x00000062   Code   RO         4441    x$fpl$frleqf        fz_ws.l(frleqf.o)
    0x08006fb6   0x08006fb6   0x00000014   Code   RO         4414    x$fpl$frsb          fz_ws.l(faddsub_clz.o)
    0x08006fca   0x08006fca   0x00000002   PAD
    0x08006fcc   0x08006fcc   0x000000ea   Code   RO         4415    x$fpl$fsub          fz_ws.l(faddsub_clz.o)
    0x080070b6   0x080070b6   0x00000006   Code   RO         4694    x$fpl$ieeestatus    fz_ws.l(istatus.o)
    0x080070bc   0x080070bc   0x00000004   Code   RO         4583    x$fpl$printf1       fz_ws.l(printf1.o)
    0x080070c0   0x080070c0   0x00000004   Code   RO         4585    x$fpl$printf2       fz_ws.l(printf2.o)
    0x080070c4   0x080070c4   0x00000064   Code   RO         4774    x$fpl$retnan        fz_ws.l(retnan.o)
    0x08007128   0x08007128   0x0000005c   Code   RO         4591    x$fpl$scalbn        fz_ws.l(scalbn.o)
    0x08007184   0x08007184   0x00000004   Code   RO         4443    x$fpl$scanf1        fz_ws.l(scanf1.o)
    0x08007188   0x08007188   0x00000008   Code   RO         4696    x$fpl$scanf2        fz_ws.l(scanf2.o)
    0x08007190   0x08007190   0x00000030   Code   RO         4791    x$fpl$trapveneer    fz_ws.l(trapv.o)
    0x080071c0   0x080071c0   0x00000000   Code   RO         4593    x$fpl$usenofp       fz_ws.l(usenofp.o)
    0x080071c0   0x080071c0   0x00000a2b   Data   RO         3484    .constdata          oled_data.o
    0x08007beb   0x08007beb   0x00000001   PAD
    0x08007bec   0x08007bec   0x00000028   Data   RO         4050    .constdata          error.o
    0x08007c14   0x08007c14   0x00000008   Data   RO         4485    .constdata          c_w.l(_printf_wctomb.o)
    0x08007c1c   0x08007c1c   0x00000028   Data   RO         4514    .constdata          c_w.l(_printf_hex_int_ll_ptr.o)
    0x08007c44   0x08007c44   0x00000011   Data   RO         4534    .constdata          c_w.l(__printf_flags_ss_wp.o)
    0x08007c55   0x08007c55   0x00000026   Data   RO         4647    .constdata          c_w.l(_printf_fp_hex.o)
    0x08007c7b   0x08007c7b   0x00000001   PAD
    0x08007c7c   0x08007c7c   0x00000094   Data   RO         4659    .constdata          c_w.l(bigflt0.o)
    0x08007d10   0x08007d10   0x00000020   Data   RO         4880    Region$$Table       anon$$obj.o
    0x08007d30   0x08007d30   0x00000008   Data   RO         4690    c$$dinf             fz_ws.l(fpconst.o)
    0x08007d38   0x08007d38   0x00000008   Data   RO         4693    c$$dmax             fz_ws.l(fpconst.o)
    0x08007d40   0x08007d40   0x0000001c   Data   RO         4685    locale$$data        c_w.l(lc_numeric_c.o)
    0x08007d5c   0x08007d5c   0x00000110   Data   RO         4784    locale$$data        c_w.l(lc_ctype_c.o)


    Execution Region RW_IRAM1 (Exec base: 0x20000000, Load base: 0x08007e6c, Size: 0x00000f08, Max: 0x00005000, ABSOLUTE, COMPRESSED[0x0000006c])

    Exec Addr    Load Addr    Size         Type   Attr      Idx    E Section Name        Object

    0x20000000   COMPRESSED   0x00000014   Data   RW         1805    .data               stm32f10x_rcc.o
    0x20000014   COMPRESSED   0x00000024   Data   RW         3501    .data               mpu6050.o
    0x20000038   COMPRESSED   0x00000020   Data   RW         3733    .data               encoder.o
    0x20000058   COMPRESSED   0x00000004   Data   RW         3792    .data               key.o
    0x2000005c   COMPRESSED   0x00000004   Data   RW         3837    .data               serial.o
    0x20000060   COMPRESSED   0x00000008   Data   RW         3951    .data               main.o
    0x20000068   COMPRESSED   0x00000020   Data   RW         4051    .data               error.o
    0x20000088   COMPRESSED   0x00000054   Data   RW         4083    .data               pid.o
    0x200000dc   COMPRESSED   0x00000331   Data   RW         4128    .data               menu.o
    0x2000040d   COMPRESSED   0x00000003   PAD
    0x20000410   COMPRESSED   0x0000002f   Data   RW         4184    .data               element.o
    0x2000043f   COMPRESSED   0x00000001   PAD
    0x20000440        -       0x00000400   Zero   RW         3269    .bss                oled.o
    0x20000840        -       0x00000064   Zero   RW         3836    .bss                serial.o
    0x200008a4        -       0x00000060   Zero   RW         4709    .bss                c_w.l(libspace.o)
    0x20000904   COMPRESSED   0x00000004   PAD
    0x20000908        -       0x00000200   Zero   RW            2    HEAP                startup_stm32f10x_md.o
    0x20000b08        -       0x00000400   Zero   RW            1    STACK               startup_stm32f10x_md.o


==============================================================================

Image component sizes


      Code (inc. data)   RO Data    RW Data    ZI Data      Debug   Object Name

         0          0          0          0          0       4500   core_cm3.o
        70          0          0          0          0        842   delay.o
      2912        302          0         47          0       4602   element.o
       660         68          0         32          0       2431   encoder.o
       238         16         40         32          0       2390   error.o
       188         32          0          4          0       1963   key.o
      1208        468          0          8          0       2227   main.o
       812        332          0        817          0       3522   menu.o
       132         22          0          0          0     204531   misc.o
       192         16          0          0          0       1371   motor.o
       514         82          0         36          0       2118   mpu6050.o
       498         28          0          0          0       4518   myi2c.o
      1872         60          0          0       1024      11905   oled.o
         0          0       2603          0          0        950   oled_data.o
       772        110          0         84          0       3836   pid.o
       228         20          0          0          0       1475   pwm.o
       180         24          0          0          0       1003   sensor.o
       450         40          0          4        100       3255   serial.o
        64         26        236          0       1536        780   startup_stm32f10x_md.o
         0          0          0          0          0       1612   stm32f10x_adc.o
       458          6          0          0          0      12790   stm32f10x_gpio.o
        26          0          0          0          0       3350   stm32f10x_it.o
       276         32          0         20          0      12710   stm32f10x_rcc.o
      1572        180          0          0          0      35669   stm32f10x_tim.o
       472          6          0          0          0      12055   stm32f10x_usart.o
       328         28          0          0          0      44873   system_stm32f10x.o
       124          0          0          0          0        501   timer.o

    ----------------------------------------------------------------------
     14272       1898       2912       1088       2660     381779   Object Totals
         0          0         32          0          0          0   (incl. Generated)
        26          0          1          4          0          0   (incl. Padding)

    ----------------------------------------------------------------------

      Code (inc. data)   RO Data    RW Data    ZI Data      Debug   Library Member Name

        60          8          0          0          0         84   __0sscanf.o
        90          0          0          0          0          0   __dczerorl2.o
         8          0          0          0          0         68   __main.o
       392          4         17          0          0         92   __printf_flags_ss_wp.o
        14          0          0          0          0         68   __printf_wp.o
         0          0          0          0          0          0   __rtentry.o
        12          0          0          0          0          0   __rtentry2.o
         6          0          0          0          0          0   __rtentry4.o
        52          8          0          0          0          0   __scatter.o
        28          0          0          0          0          0   __scatter_zi.o
        28          0          0          0          0         68   _chval.o
         6          0          0          0          0          0   _printf_a.o
         6          0          0          0          0          0   _printf_c.o
        44          0          0          0          0        108   _printf_char.o
        48          6          0          0          0         96   _printf_char_common.o
        40          0          0          0          0         68   _printf_charcount.o
         6          0          0          0          0          0   _printf_d.o
       120         16          0          0          0         92   _printf_dec.o
         6          0          0          0          0          0   _printf_e.o
         6          0          0          0          0          0   _printf_f.o
      1054          0          0          0          0        216   _printf_fp_dec.o
       764          8         38          0          0        100   _printf_fp_hex.o
       128         16          0          0          0         84   _printf_fp_infnan.o
         6          0          0          0          0          0   _printf_g.o
       148          4         40          0          0        160   _printf_hex_int_ll_ptr.o
         6          0          0          0          0          0   _printf_i.o
       178          0          0          0          0         88   _printf_intcommon.o
        10          0          0          0          0          0   _printf_l.o
         6          0          0          0          0          0   _printf_lc.o
        10          0          0          0          0          0   _printf_ll.o
         6          0          0          0          0          0   _printf_lld.o
         6          0          0          0          0          0   _printf_lli.o
         6          0          0          0          0          0   _printf_llo.o
         6          0          0          0          0          0   _printf_llu.o
         6          0          0          0          0          0   _printf_llx.o
       124         16          0          0          0         92   _printf_longlong_dec.o
         6          0          0          0          0          0   _printf_ls.o
         6          0          0          0          0          0   _printf_n.o
         6          0          0          0          0          0   _printf_o.o
       112         10          0          0          0        124   _printf_oct_int_ll.o
         6          0          0          0          0          0   _printf_p.o
        78          0          0          0          0        108   _printf_pad.o
         0          0          0          0          0          0   _printf_percent.o
         4          0          0          0          0          0   _printf_percent_end.o
         6          0          0          0          0          0   _printf_s.o
        82          0          0          0          0         80   _printf_str.o
        36          0          0          0          0         84   _printf_truncate.o
         6          0          0          0          0          0   _printf_u.o
        44          0          0          0          0        108   _printf_wchar.o
       188          6          8          0          0         92   _printf_wctomb.o
         6          0          0          0          0          0   _printf_x.o
        22          0          0          0          0        100   _rserrno.o
       884          4          0          0          0        100   _scanf.o
       332          0          0          0          0         96   _scanf_int.o
        64          0          0          0          0         84   _sgetc.o
        10          0          0          0          0         68   _sputc.o
        64          0          0          0          0         92   _wcrtomb.o
       228          4        148          0          0         96   bigflt0.o
      2152        136          0          0          0        960   btod.o
        18          0          0          0          0         80   exit.o
         6          0          0          0          0        152   heapauxi.o
         0          0          0          0          0          0   indicate_semi.o
        18          0          0          0          0         76   isspace.o
        44         10        272          0          0         76   lc_ctype_c.o
        44         10         28          0          0         76   lc_numeric_c.o
         2          0          0          0          0          0   libinit.o
        30          0          0          0          0          0   libinit2.o
         2          0          0          0          0          0   libshutdown.o
         2          0          0          0          0          0   libshutdown2.o
         8          4          0          0         96         68   libspace.o
        38          0          0          0          0         68   llshl.o
       138          0          0          0          0         80   lludiv10.o
        16          4          0          0          0         76   rt_ctype_table.o
         8          4          0          0          0         68   rt_errno_addr_intlibspace.o
         8          4          0          0          0         68   rt_locale_intlibspace.o
         2          0          0          0          0          0   rtexit.o
        10          0          0          0          0          0   rtexit2.o
        44          8          0          0          0         84   scanf_char.o
      1272         16          0          0          0        168   scanf_fp.o
       800         14          0          0          0        100   scanf_hexfp.o
       308         16          0          0          0        100   scanf_infnan.o
       128          0          0          0          0         68   strcmpv7m.o
        62          0          0          0          0         76   strlen.o
       150          0          0          0          0         80   strncmp.o
        12          4          0          0          0         68   sys_exit.o
        74          0          0          0          0         80   sys_stackheap_outer.o
         2          0          0          0          0         68   use_no_semi.o
        36          4          0          0          0         76   vsprintf.o
        98          4          0          0          0         92   d2f.o
        16          4          0          0          0         68   dcheck1.o
        24          0          0          0          0         68   dcmpi.o
       120          4          0          0          0         92   deqf.o
        46          0          0          0          0         68   dflt_clz.o
       120          4          0          0          0         92   dleqf.o
       340         12          0          0          0        104   dmul.o
       156          4          0          0          0         92   dnaninf.o
        12          0          0          0          0         68   dretinf.o
       108          0          0          0          0         80   drleqf.o
        86          4          0          0          0         84   f2d.o
       450          8          0          0          0        236   faddsub_clz.o
        24          0          0          0          0         68   fcmpi.o
       388         76          0          0          0         96   fdiv.o
        54          4          0          0          0         84   ffix.o
        62          4          0          0          0         84   ffixu.o
        48          0          0          0          0         68   fflt_clz.o
       104          4          0          0          0         84   fleqf.o
       258          4          0          0          0         84   fmul.o
       140          4          0          0          0         84   fnaninf.o
         0          0         16          0          0          0   fpconst.o
        10          0          0          0          0         68   fretinf.o
        98          0          0          0          0         68   frleqf.o
         6          0          0          0          0         68   istatus.o
         4          0          0          0          0         68   printf1.o
         4          0          0          0          0         68   printf2.o
       100          0          0          0          0         68   retnan.o
        92          0          0          0          0         68   scalbn.o
         4          0          0          0          0         68   scanf1.o
         8          0          0          0          0         84   scanf2.o
        48          0          0          0          0         68   trapv.o
         0          0          0          0          0          0   usenofp.o
        30          6          0          0          0        136   dunder.o
        40          0          0          0          0         68   fpclassify.o
        88          8          0          0          0         76   frexp.o
       138          0          0          0          0        160   ldexp.o
       204          4          0          0          0        168   narrow.o

    ----------------------------------------------------------------------
     14612        504        568          0        100       8632   Library Totals
        24          2          1          0          4          0   (incl. Padding)

    ----------------------------------------------------------------------

      Code (inc. data)   RO Data    RW Data    ZI Data      Debug   Library Name

     11060        344        551          0         96       5532   c_w.l
      3028        140         16          0          0       2492   fz_ws.l
       500         18          0          0          0        608   m_ws.l

    ----------------------------------------------------------------------
     14612        504        568          0        100       8632   Library Totals

    ----------------------------------------------------------------------

==============================================================================


      Code (inc. data)   RO Data    RW Data    ZI Data      Debug   

     28884       2402       3480       1088       2760     378499   Grand Totals
     28884       2402       3480        108       2760     378499   ELF Image Totals (compressed)
     28884       2402       3480        108          0          0   ROM Totals

==============================================================================

    Total RO  Size (Code + RO Data)                32364 (  31.61kB)
    Total RW  Size (RW Data + ZI Data)              3848 (   3.76kB)
    Total ROM Size (Code + RO Data + RW Data)      32472 (  31.71kB)

==============================================================================

